ARM Linker, 4.1 [Build 481] [Standard]

==============================================================================

Section Cross References

    startup_stm32f10x_hd.o(STACK) refers (Special) to heapauxi.o(.text) for __use_two_region_memory
    startup_stm32f10x_hd.o(HEAP) refers (Special) to heapauxi.o(.text) for __use_two_region_memory
    startup_stm32f10x_hd.o(RESET) refers (Special) to heapauxi.o(.text) for __use_two_region_memory
    startup_stm32f10x_hd.o(RESET) refers to startup_stm32f10x_hd.o(.text) for Reset_Handler
    startup_stm32f10x_hd.o(RESET) refers to stm32f10x_it.o(.text) for NMI_Handler
    startup_stm32f10x_hd.o(RESET) refers to rtc.o(.text) for RTC_IRQHandler
    startup_stm32f10x_hd.o(RESET) refers to main.o(.text) for EXTI0_IRQHandler
    startup_stm32f10x_hd.o(RESET) refers to usart.o(.text) for USART1_IRQHandler
    startup_stm32f10x_hd.o(RESET) refers to sdcard.o(.text) for SDIO_IRQHandler
    startup_stm32f10x_hd.o(.text) refers (Special) to heapauxi.o(.text) for __use_two_region_memory
    startup_stm32f10x_hd.o(.text) refers to startup_stm32f10x_hd.o(STACK) for __initial_sp
    startup_stm32f10x_hd.o(.text) refers to __main.o(!!!main) for __main
    startup_stm32f10x_hd.o(.text) refers to startup_stm32f10x_hd.o(HEAP) for Heap_Mem
    main.o(.text) refers to _printf_pad.o(.text) for _printf_pre_padding
    main.o(.text) refers to _printf_percent.o(.ARM.Collect$$_printf_percent$$00000000) for _printf_percent
    main.o(.text) refers to _printf_x.o(.ARM.Collect$$_printf_percent$$0000000C) for _printf_x
    main.o(.text) refers to _printf_hex_int.o(.text) for _printf_longlong_hex
    main.o(.text) refers to _printf_d.o(.ARM.Collect$$_printf_percent$$00000009) for _printf_d
    main.o(.text) refers to _printf_dec.o(.text) for _printf_int_dec
    main.o(.text) refers to _printf_s.o(.ARM.Collect$$_printf_percent$$00000014) for _printf_s
    main.o(.text) refers to _printf_str.o(.text) for _printf_str
    main.o(.text) refers to stm32f10x_rcc.o(.text) for RCC_APB2PeriphClockCmd
    main.o(.text) refers to stm32f10x_gpio.o(.text) for GPIO_EXTILineConfig
    main.o(.text) refers to stm32f10x_exti.o(.text) for EXTI_Init
    main.o(.text) refers to stm32f10x_tim.o(.text) for TIM_DeInit
    main.o(.text) refers to stm32f10x_dma.o(.text) for DMA_DeInit
    main.o(.text) refers to misc.o(.text) for NVIC_SetVectorTable
    main.o(.text) refers to system_stm32f10x.o(.text) for SystemInit
    main.o(.text) refers to usart.o(.text) for Init_Usart
    main.o(.text) refers to 24lc02.o(.text) for Init_IIC
    main.o(.text) refers to lcd_drive.o(.text) for Init_LCD
    main.o(.text) refers to noretval__2printf.o(.text) for __2printf
    main.o(.text) refers to rtc.o(.text) for Init_RTC
    main.o(.text) refers to iic.o(.text) for I2C_Int_Set
    main.o(.text) refers to pdt_scan.o(.text) for find_CP_IIC_address
    main.o(.text) refers to main.o(.data) for KEY_Status
    main.o(.text) refers to main.o(.bss) for DMA_InitStructure
    main.o(.text) refers to lcd_drive.o(.data) for TextColor
    main.o(.text) refers to rmi_func11.o(.text) for CheckReportMode
    main.o(.text) refers to rmi_func34.o(.text) for SynaReadBootloadID
    main.o(.text) refers to rmi_func54.o(.text) for f54_SetCapacitanceImageReport
    main.o(.text) refers to rtc.o(.bss) for timer
    main.o(.text) refers to pdt_scan.o(.data) for F54_Control_Base
    main.o(.text) refers to rmi_func1a.o(.text) for read_func1A
    usart.o(.text) refers (Special) to use_no_semi_2.o(.text) for __use_no_semihosting
    usart.o(.text) refers to _printf_percent.o(.ARM.Collect$$_printf_percent$$00000000) for _printf_percent
    usart.o(.text) refers to _printf_d.o(.ARM.Collect$$_printf_percent$$00000009) for _printf_d
    usart.o(.text) refers to _printf_dec.o(.text) for _printf_int_dec
    usart.o(.text) refers to stm32f10x_usart.o(.text) for USART_GetFlagStatus
    usart.o(.text) refers to stm32f10x_rcc.o(.text) for RCC_APB2PeriphClockCmd
    usart.o(.text) refers to stm32f10x_gpio.o(.text) for GPIO_Init
    usart.o(.text) refers to noretval__2printf.o(.text) for __2printf
    usart.o(.data) refers (Special) to use_no_semi_2.o(.text) for __use_no_semihosting
    stm32f10x_tim.o(.text) refers to stm32f10x_rcc.o(.text) for RCC_APB2PeriphResetCmd
    lcd_drive.o(.text) refers to _printf_percent.o(.ARM.Collect$$_printf_percent$$00000000) for _printf_percent
    lcd_drive.o(.text) refers to _printf_x.o(.ARM.Collect$$_printf_percent$$0000000C) for _printf_x
    lcd_drive.o(.text) refers to _printf_hex_int.o(.text) for _printf_longlong_hex
    lcd_drive.o(.text) refers to stm32f10x_fsmc.o(.text) for FSMC_NORSRAMInit
    lcd_drive.o(.text) refers to stm32f10x_rcc.o(.text) for RCC_AHBPeriphClockCmd
    lcd_drive.o(.text) refers to stm32f10x_gpio.o(.text) for GPIO_Init
    lcd_drive.o(.text) refers to noretval__2printf.o(.text) for __2printf
    lcd_drive.o(.text) refers to main.o(.text) for Delay_Ms
[...]
    TIM_SelectCOM                            0x08001c43   Thumb Code    24  stm32f10x_tim.o(.text)
    TIM_SelectCCDMA                          0x08001c5b   Thumb Code    24  stm32f10x_tim.o(.text)
    TIM_CCPreloadControl                     0x08001c73   Thumb Code    24  stm32f10x_tim.o(.text)
    TIM_OC1PreloadConfig                     0x08001c8b   Thumb Code    18  stm32f10x_tim.o(.text)
    TIM_OC2PreloadConfig                     0x08001c9d   Thumb Code    22  stm32f10x_tim.o(.text)
    TIM_OC3PreloadConfig                     0x08001cb3   Thumb Code    18  stm32f10x_tim.o(.text)
    TIM_OC4PreloadConfig                     0x08001cc5   Thumb Code    22  stm32f10x_tim.o(.text)
    TIM_OC1FastConfig                        0x08001cdb   Thumb Code    18  stm32f10x_tim.o(.text)
    TIM_OC2FastConfig                        0x08001ced   Thumb Code    22  stm32f10x_tim.o(.text)
    TIM_OC3FastConfig                        0x08001d03   Thumb Code    18  stm32f10x_tim.o(.text)
    TIM_OC4FastConfig                        0x08001d15   Thumb Code    22  stm32f10x_tim.o(.text)
    TIM_ClearOC1Ref                          0x08001d2b   Thumb Code    18  stm32f10x_tim.o(.text)
    TIM_ClearOC2Ref                          0x08001d3d   Thumb Code    20  stm32f10x_tim.o(.text)
    TIM_ClearOC3Ref                          0x08001d51   Thumb Code    18  stm32f10x_tim.o(.text)
    TIM_ClearOC4Ref                          0x08001d63   Thumb Code    20  stm32f10x_tim.o(.text)
    TIM_OC1PolarityConfig                    0x08001d77   Thumb Code    18  stm32f10x_tim.o(.text)
    TIM_OC1NPolarityConfig                   0x08001d89   Thumb Code    18  stm32f10x_tim.o(.text)
    TIM_OC2PolarityConfig                    0x08001d9b   Thumb Code    22  stm32f10x_tim.o(.text)
    TIM_OC2NPolarityConfig                   0x08001db1   Thumb Code    22  stm32f10x_tim.o(.text)
    TIM_OC3PolarityConfig                    0x08001dc7   Thumb Code    22  stm32f10x_tim.o(.text)
    TIM_OC3NPolarityConfig                   0x08001ddd   Thumb Code    22  stm32f10x_tim.o(.text)
    TIM_OC4PolarityConfig                    0x08001df3   Thumb Code    22  stm32f10x_tim.o(.text)
    TIM_CCxCmd                               0x08001e09   Thumb Code    34  stm32f10x_tim.o(.text)
    TIM_CCxNCmd                              0x08001e2b   Thumb Code    34  stm32f10x_tim.o(.text)
    TIM_SelectOCxM                           0x08001e4d   Thumb Code    86  stm32f10x_tim.o(.text)
    TIM_UpdateDisableConfig                  0x08001ea3   Thumb Code    24  stm32f10x_tim.o(.text)
    TIM_UpdateRequestConfig                  0x08001ebb   Thumb Code    24  stm32f10x_tim.o(.text)
    TIM_SelectHallSensor                     0x08001ed3   Thumb Code    24  stm32f10x_tim.o(.text)
    TIM_SelectOnePulseMode                   0x08001eeb   Thumb Code    18  stm32f10x_tim.o(.text)
    TIM_SelectOutputTrigger                  0x08001efd   Thumb Code    18  stm32f10x_tim.o(.text)
    TIM_SelectSlaveMode                      0x08001f0f   Thumb Code    18  stm32f10x_tim.o(.text)
    TIM_SelectMasterSlaveMode                0x08001f21   Thumb Code    18  stm32f10x_tim.o(.text)
    TIM_SetCounter                           0x08001f33   Thumb Code     4  stm32f10x_tim.o(.text)
    TIM_SetAutoreload                        0x08001f37   Thumb Code     4  stm32f10x_tim.o(.text)
    TIM_SetCompare1                          0x08001f3b   Thumb Code     4  stm32f10x_tim.o(.text)
    TIM_SetCompare2                          0x08001f3f   Thumb Code     4  stm32f10x_tim.o(.text)
    TIM_SetCompare3                          0x08001f43   Thumb Code     4  stm32f10x_tim.o(.text)
    TIM_SetCompare4                          0x08001f47   Thumb Code     6  stm32f10x_tim.o(.text)
    TIM_SetClockDivision                     0x08001f4d   Thumb Code    14  stm32f10x_tim.o(.text)
    TIM_GetCapture1                          0x08001f5b   Thumb Code     6  stm32f10x_tim.o(.text)
    TIM_GetCapture2                          0x08001f61   Thumb Code     6  stm32f10x_tim.o(.text)
    TIM_GetCapture3                          0x08001f67   Thumb Code     6  stm32f10x_tim.o(.text)
    TIM_GetCapture4                          0x08001f6d   Thumb Code     8  stm32f10x_tim.o(.text)
    TIM_GetCounter                           0x08001f75   Thumb Code     6  stm32f10x_tim.o(.text)
    TIM_GetPrescaler                         0x08001f7b   Thumb Code     6  stm32f10x_tim.o(.text)
    TIM_GetFlagStatus                        0x08001f81   Thumb Code    18  stm32f10x_tim.o(.text)
    TIM_ClearFlag                            0x08001f93   Thumb Code     6  stm32f10x_tim.o(.text)
    TIM_GetITStatus                          0x08001f99   Thumb Code    34  stm32f10x_tim.o(.text)
    TIM_ClearITPendingBit                    0x08001fbb   Thumb Code     6  stm32f10x_tim.o(.text)
    RTC_ITConfig                             0x08001fc1   Thumb Code    40  stm32f10x_rtc.o(.text)
    RTC_EnterConfigMode                      0x08001fe9   Thumb Code    16  stm32f10x_rtc.o(.text)
    RTC_ExitConfigMode                       0x08001ff9   Thumb Code    20  stm32f10x_rtc.o(.text)
    RTC_GetCounter                           0x0800200d   Thumb Code    18  stm32f10x_rtc.o(.text)
    RTC_SetCounter                           0x0800201f   Thumb Code    26  stm32f10x_rtc.o(.text)
    RTC_SetPrescaler                         0x08002039   Thumb Code    28  stm32f10x_rtc.o(.text)
    RTC_SetAlarm                             0x08002055   Thumb Code    26  stm32f10x_rtc.o(.text)
    RTC_GetDivider                           0x0800206f   Thumb Code    26  stm32f10x_rtc.o(.text)
    RTC_WaitForLastTask                      0x08002089   Thumb Code    14  stm32f10x_rtc.o(.text)
    RTC_WaitForSynchro                       0x08002097   Thumb Code    32  stm32f10x_rtc.o(.text)
    RTC_GetFlagStatus                        0x080020b7   Thumb Code    20  stm32f10x_rtc.o(.text)
    RTC_ClearFlag                            0x080020cb   Thumb Code    22  stm32f10x_rtc.o(.text)
    RTC_GetITStatus                          0x080020e1   Thumb Code    34  stm32f10x_rtc.o(.text)
    RTC_ClearITPendingBit                    0x08002103   Thumb Code    22  stm32f10x_rtc.o(.text)
    Read_LCDReg                              0x08002139   Thumb Code    14  lcd_drive.o(.text)
    Write_LCDReg                             0x08002147   Thumb Code    12  lcd_drive.o(.text)
    FSMC_LCDInit                             0x08002153   Thumb Code   102  lcd_drive.o(.text)
    GPIO_LCDInit                             0x080021b9   Thumb Code    68  lcd_drive.o(.text)
    Set_LCDCorsor                            0x080021fd   Thumb Code    24  lcd_drive.o(.text)
    Clear_LCD                                0x08002215   Thumb Code    38  lcd_drive.o(.text)
    Init_LCD                                 0x0800223b   Thumb Code   344  lcd_drive.o(.text)
    LCD_FulfillArea                          0x08002393   Thumb Code   140  lcd_drive.o(.text)
    LCD_FillRectangle                        0x0800241f   Thumb Code   144  lcd_drive.o(.text)
    Disp_LCDChar                             0x080024af   Thumb Code   104  lcd_drive.o(.text)
    Disp_LCDHz                               0x08002517   Thumb Code   182  lcd_drive.o(.text)
    Disp_LCDString                           0x080025cd   Thumb Code   208  lcd_drive.o(.text)
    LCD_ShowString                           0x0800269d   Thumb Code   214  lcd_drive.o(.text)
    Disp_LCDBmp                              0x08002773   Thumb Code   168  lcd_drive.o(.text)
    Num_power                                0x0800281b   Thumb Code    22  lcd_drive.o(.text)
    LCD_ShowNum                              0x08002831   Thumb Code   114  lcd_drive.o(.text)
    Write_LCDRAM_Prepare                     0x080028a3   Thumb Code    10  lcd_drive.o(.text)
    Write_LCDRam                             0x080028ad   Thumb Code     6  lcd_drive.o(.text)
    Disp_LCDPoint                            0x080028b3   Thumb Code    28  lcd_drive.o(.text)
    RMI_LCDDispPoint                         0x080028cf   Thumb Code    28  lcd_drive.o(.text)
    Disp_LCDLine                             0x080028eb   Thumb Code   202  lcd_drive.o(.text)
    RMI_DispLCDLine                          0x080029b5   Thumb Code   162  lcd_drive.o(.text)
    Disp_LCDCircle                           0x08002a57   Thumb Code   176  lcd_drive.o(.text)
    RMI_LCDDrawColorPoint                    0x08002b07   Thumb Code    52  lcd_drive.o(.text)
    RMI_DispLCDCircle                        0x08002b3b   Thumb Code   198  lcd_drive.o(.text)
    LCD_DrawRectangle                        0x08002c01   Thumb Code    60  lcd_drive.o(.text)
    RMI_LCDDrawRectangle                     0x08002c3d   Thumb Code    84  lcd_drive.o(.text)
    RMI_DispClorebar                         0x08002c91   Thumb Code    78  lcd_drive.o(.text)
    findHzIndex                              0x08002ced   Thumb Code    68  hz16.o(.text)
    SD_InitializeCards                       0x08002e0f   Thumb Code   300  sdcard.o(.text)
    SD_PowerON                               0x08003109   Thumb Code   418  sdcard.o(.text)
    SD_Init                                  0x080032e1   Thumb Code    84  sdcard.o(.text)
    SD_PowerOFF                              0x08003335   Thumb Code    14  sdcard.o(.text)
    SD_GetCardInfo                           0x08003343   Thumb Code   802  sdcard.o(.text)
    SD_EnableWideBusOperation                0x08003901   Thumb Code   176  sdcard.o(.text)
    SD_SetDeviceMode                         0x080039b1   Thumb Code    24  sdcard.o(.text)
    SD_SelectDeselect                        0x080039c9   Thumb Code    48  sdcard.o(.text)
    SD_ReadBlock                             0x08003a61   Thumb Code   568  sdcard.o(.text)
    SD_ReadMultiBlocks                       0x08003c99   Thumb Code   780  sdcard.o(.text)
    SD_WriteBlock                            0x08004153   Thumb Code   894  sdcard.o(.text)
    SD_WriteMultiBlocks                      0x080044d1   Thumb Code  1020  sdcard.o(.text)
    SD_GetTransferState                      0x080048cd   Thumb Code    18  sdcard.o(.text)
    SD_StopTransfer                          0x080048df   Thumb Code    46  sdcard.o(.text)
    SD_Erase                                 0x0800490d   Thumb Code   296  sdcard.o(.text)
    SD_SendStatus                            0x08004a35   Thumb Code   134  sdcard.o(.text)
    SD_SendSDStatus                          0x08004abb   Thumb Code   416  sdcard.o(.text)
    SD_ProcessIRQSrc                         0x08004c5b   Thumb Code   604  sdcard.o(.text)
    SDIO_IRQHandler                          0x08004eb7   Thumb Code     8  sdcard.o(.text)
    NVIC_PriorityGroupConfig                 0x08004ec1   Thumb Code    10  misc.o(.text)
    NVIC_Init                                0x08004ecb   Thumb Code   118  misc.o(.text)
    NVIC_SetVectorTable                      0x08004f41   Thumb Code    12  misc.o(.text)
    NVIC_SystemLPConfig                      0x08004f4d   Thumb Code    38  misc.o(.text)
    SysTick_CLKSourceConfig                  0x08004f73   Thumb Code    40  misc.o(.text)
    GPIO_DeInit                              0x08004fb9   Thumb Code   172  stm32f10x_gpio.o(.text)
    GPIO_AFIODeInit                          0x08005065   Thumb Code    20  stm32f10x_gpio.o(.text)
    GPIO_Init                                0x08005079   Thumb Code   274  stm32f10x_gpio.o(.text)
    GPIO_StructInit                          0x0800518b   Thumb Code    16  stm32f10x_gpio.o(.text)
    GPIO_ReadInputDataBit                    0x0800519b   Thumb Code    18  stm32f10x_gpio.o(.text)
    GPIO_ReadInputData                       0x080051ad   Thumb Code     8  stm32f10x_gpio.o(.text)
    GPIO_ReadOutputDataBit                   0x080051b5   Thumb Code    18  stm32f10x_gpio.o(.text)
    GPIO_ReadOutputData                      0x080051c7   Thumb Code     8  stm32f10x_gpio.o(.text)
    GPIO_SetBits                             0x080051cf   Thumb Code     4  stm32f10x_gpio.o(.text)
    GPIO_ResetBits                           0x080051d3   Thumb Code     4  stm32f10x_gpio.o(.text)
    GPIO_WriteBit                            0x080051d7   Thumb Code    10  stm32f10x_gpio.o(.text)
    GPIO_Write                               0x080051e1   Thumb Code     4  stm32f10x_gpio.o(.text)
    GPIO_PinLockConfig                       0x080051e5   Thumb Code    18  stm32f10x_gpio.o(.text)
    GPIO_EventOutputConfig                   0x080051f7   Thumb Code    26  stm32f10x_gpio.o(.text)
    GPIO_EventOutputCmd                      0x08005211   Thumb Code     6  stm32f10x_gpio.o(.text)
    GPIO_PinRemapConfig                      0x08005217   Thumb Code   106  stm32f10x_gpio.o(.text)
    GPIO_EXTILineConfig                      0x08005281   Thumb Code    66  stm32f10x_gpio.o(.text)
    GPIO_ETH_MediaInterfaceConfig            0x080052c3   Thumb Code     6  stm32f10x_gpio.o(.text)
    RCC_DeInit                               0x080052f1   Thumb Code    64  stm32f10x_rcc.o(.text)
    RCC_HSEConfig                            0x08005331   Thumb Code    70  stm32f10x_rcc.o(.text)
    RCC_GetFlagStatus                        0x08005377   Thumb Code    56  stm32f10x_rcc.o(.text)
    RCC_WaitForHSEStartUp                    0x080053af   Thumb Code    48  stm32f10x_rcc.o(.text)
    RCC_AdjustHSICalibrationValue            0x080053df   Thumb Code    20  stm32f10x_rcc.o(.text)
    RCC_HSICmd                               0x080053f3   Thumb Code     6  stm32f10x_rcc.o(.text)
    RCC_PLLConfig                            0x080053f9   Thumb Code    24  stm32f10x_rcc.o(.text)
    RCC_PLLCmd                               0x08005411   Thumb Code     6  stm32f10x_rcc.o(.text)
    RCC_SYSCLKConfig                         0x08005417   Thumb Code    18  stm32f10x_rcc.o(.text)
    RCC_GetSYSCLKSource                      0x08005429   Thumb Code    10  stm32f10x_rcc.o(.text)
    RCC_HCLKConfig                           0x08005433   Thumb Code    18  stm32f10x_rcc.o(.text)
    RCC_PCLK1Config                          0x08005445   Thumb Code    18  stm32f10x_rcc.o(.text)
    RCC_PCLK2Config                          0x08005457   Thumb Code    20  stm32f10x_rcc.o(.text)
    RCC_ITConfig                             0x0800546b   Thumb Code    30  stm32f10x_rcc.o(.text)
    RCC_USBCLKConfig                         0x08005489   Thumb Code     6  stm32f10x_rcc.o(.text)
    RCC_ADCCLKConfig                         0x0800548f   Thumb Code    18  stm32f10x_rcc.o(.text)
    RCC_LSEConfig                            0x080054a1   Thumb Code    44  stm32f10x_rcc.o(.text)
    RCC_LSICmd                               0x080054cd   Thumb Code     6  stm32f10x_rcc.o(.text)
    RCC_RTCCLKConfig                         0x080054d3   Thumb Code    12  stm32f10x_rcc.o(.text)
    RCC_RTCCLKCmd                            0x080054df   Thumb Code     6  stm32f10x_rcc.o(.text)
    RCC_GetClocksFreq                        0x080054e5   Thumb Code   192  stm32f10x_rcc.o(.text)
    RCC_AHBPeriphClockCmd                    0x080055a5   Thumb Code    26  stm32f10x_rcc.o(.text)
    RCC_APB2PeriphClockCmd                   0x080055bf   Thumb Code    26  stm32f10x_rcc.o(.text)
    RCC_APB1PeriphClockCmd                   0x080055d9   Thumb Code    26  stm32f10x_rcc.o(.text)
    RCC_APB2PeriphResetCmd                   0x080055f3   Thumb Code    26  stm32f10x_rcc.o(.text)
    RCC_APB1PeriphResetCmd                   0x0800560d   Thumb Code    26  stm32f10x_rcc.o(.text)
    RCC_BackupResetCmd                       0x08005627   Thumb Code     6  stm32f10x_rcc.o(.text)
    RCC_ClockSecuritySystemCmd               0x0800562d   Thumb Code     6  stm32f10x_rcc.o(.text)
    RCC_MCOConfig                            0x08005633   Thumb Code     6  stm32f10x_rcc.o(.text)
    RCC_ClearFlag                            0x08005639   Thumb Code    14  stm32f10x_rcc.o(.text)
    RCC_GetITStatus                          0x08005647   Thumb Code    20  stm32f10x_rcc.o(.text)
    RCC_ClearITPendingBit                    0x0800565b   Thumb Code     6  stm32f10x_rcc.o(.text)
    FSMC_NORSRAMDeInit                       0x08005695   Thumb Code    56  stm32f10x_fsmc.o(.text)
    FSMC_NANDDeInit                          0x080056cd   Thumb Code    62  stm32f10x_fsmc.o(.text)
    FSMC_PCCARDDeInit                        0x0800570b   Thumb Code    40  stm32f10x_fsmc.o(.text)
    FSMC_NORSRAMInit                         0x08005733   Thumb Code   220  stm32f10x_fsmc.o(.text)
    FSMC_NANDInit                            0x0800580f   Thumb Code   130  stm32f10x_fsmc.o(.text)
    FSMC_PCCARDInit                          0x08005891   Thumb Code   124  stm32f10x_fsmc.o(.text)
    FSMC_NORSRAMStructInit                   0x0800590d   Thumb Code   112  stm32f10x_fsmc.o(.text)
    FSMC_NANDStructInit                      0x0800597d   Thumb Code    54  stm32f10x_fsmc.o(.text)
    FSMC_PCCARDStructInit                    0x080059b3   Thumb Code    60  stm32f10x_fsmc.o(.text)
    FSMC_NORSRAMCmd                          0x080059ef   Thumb Code    46  stm32f10x_fsmc.o(.text)
    FSMC_NANDCmd                             0x08005a1d   Thumb Code    86  stm32f10x_fsmc.o(.text)
    FSMC_PCCARDCmd                           0x08005a73   Thumb Code    40  stm32f10x_fsmc.o(.text)
    FSMC_NANDECCCmd                          0x08005a9b   Thumb Code   118  stm32f10x_fsmc.o(.text)
    FSMC_GetECC                              0x08005b11   Thumb Code    22  stm32f10x_fsmc.o(.text)
    FSMC_ITConfig                            0x08005b27   Thumb Code   128  stm32f10x_fsmc.o(.text)
    FSMC_GetFlagStatus                       0x08005ba7   Thumb Code    48  stm32f10x_fsmc.o(.text)
    FSMC_ClearFlag                           0x08005bd7   Thumb Code    62  stm32f10x_fsmc.o(.text)
    FSMC_GetITStatus                         0x08005c15   Thumb Code    60  stm32f10x_fsmc.o(.text)
    FSMC_ClearITPendingBit                   0x08005c51   Thumb Code    64  stm32f10x_fsmc.o(.text)
    USART_DeInit                             0x08005ca5   Thumb Code   134  stm32f10x_usart.o(.text)
    USART_Init                               0x08005d2b   Thumb Code   156  stm32f10x_usart.o(.text)
    USART_StructInit                         0x08005dc7   Thumb Code    24  stm32f10x_usart.o(.text)
    USART_ClockInit                          0x08005ddf   Thumb Code    34  stm32f10x_usart.o(.text)
    USART_ClockStructInit                    0x08005e01   Thumb Code    12  stm32f10x_usart.o(.text)
    USART_Cmd                                0x08005e0d   Thumb Code    24  stm32f10x_usart.o(.text)
    USART_ITConfig                           0x08005e25   Thumb Code    74  stm32f10x_usart.o(.text)
    USART_DMACmd                             0x08005e6f   Thumb Code    24  stm32f10x_usart.o(.text)
    USART_SetAddress                         0x08005e87   Thumb Code    18  stm32f10x_usart.o(.text)
    USART_WakeUpConfig                       0x08005e99   Thumb Code    18  stm32f10x_usart.o(.text)
    USART_ReceiverWakeUpCmd                  0x08005eab   Thumb Code    24  stm32f10x_usart.o(.text)
    USART_LINBreakDetectLengthConfig         0x08005ec3   Thumb Code    18  stm32f10x_usart.o(.text)
    USART_LINCmd                             0x08005ed5   Thumb Code    24  stm32f10x_usart.o(.text)
    USART_SendData                           0x08005eed   Thumb Code     8  stm32f10x_usart.o(.text)
    USART_ReceiveData                        0x08005ef5   Thumb Code    10  stm32f10x_usart.o(.text)
    USART_SendBreak                          0x08005eff   Thumb Code    10  stm32f10x_usart.o(.text)
    USART_SetGuardTime                       0x08005f09   Thumb Code    16  stm32f10x_usart.o(.text)
    USART_SetPrescaler                       0x08005f19   Thumb Code    16  stm32f10x_usart.o(.text)
    USART_SmartCardCmd                       0x08005f29   Thumb Code    24  stm32f10x_usart.o(.text)
    USART_SmartCardNACKCmd                   0x08005f41   Thumb Code    24  stm32f10x_usart.o(.text)
    USART_HalfDuplexCmd                      0x08005f59   Thumb Code    24  stm32f10x_usart.o(.text)
    USART_IrDAConfig                         0x08005f71   Thumb Code    18  stm32f10x_usart.o(.text)
    USART_IrDACmd                            0x08005f83   Thumb Code    24  stm32f10x_usart.o(.text)
    USART_GetFlagStatus                      0x08005f9b   Thumb Code    26  stm32f10x_usart.o(.text)
    USART_ClearFlag                          0x08005fb5   Thumb Code    18  stm32f10x_usart.o(.text)
    USART_GetITStatus                        0x08005fc7   Thumb Code    84  stm32f10x_usart.o(.text)
    USART_ClearITPendingBit                  0x0800601b   Thumb Code    30  stm32f10x_usart.o(.text)
    SDIO_DeInit                              0x0800604d   Thumb Code    28  stm32f10x_sdio.o(.text)
    SDIO_Init                                0x08006069   Thumb Code    42  stm32f10x_sdio.o(.text)
    SDIO_StructInit                          0x08006093   Thumb Code    16  stm32f10x_sdio.o(.text)
    SDIO_ClockCmd                            0x080060a3   Thumb Code     6  stm32f10x_sdio.o(.text)
    SDIO_SetPowerState                       0x080060a9   Thumb Code    22  stm32f10x_sdio.o(.text)
    SDIO_GetPowerState                       0x080060bf   Thumb Code    10  stm32f10x_sdio.o(.text)
    SDIO_ITConfig                            0x080060c9   Thumb Code    26  stm32f10x_sdio.o(.text)
    SDIO_DMACmd                              0x080060e3   Thumb Code     6  stm32f10x_sdio.o(.text)
    SDIO_SendCommand                         0x080060e9   Thumb Code    38  stm32f10x_sdio.o(.text)
    SDIO_CmdStructInit                       0x0800610f   Thumb Code    14  stm32f10x_sdio.o(.text)
    SDIO_GetCommandResponse                  0x0800611d   Thumb Code     8  stm32f10x_sdio.o(.text)
    SDIO_GetResponse                         0x08006125   Thumb Code    14  stm32f10x_sdio.o(.text)
    SDIO_DataConfig                          0x08006133   Thumb Code    42  stm32f10x_sdio.o(.text)
    SDIO_DataStructInit                      0x0800615d   Thumb Code    20  stm32f10x_sdio.o(.text)
    SDIO_GetDataCounter                      0x08006171   Thumb Code     6  stm32f10x_sdio.o(.text)
    SDIO_ReadData                            0x08006177   Thumb Code     6  stm32f10x_sdio.o(.text)
    SDIO_WriteData                           0x0800617d   Thumb Code     6  stm32f10x_sdio.o(.text)
    SDIO_GetFIFOCount                        0x08006183   Thumb Code     6  stm32f10x_sdio.o(.text)
    SDIO_StartSDIOReadWait                   0x08006189   Thumb Code     6  stm32f10x_sdio.o(.text)
    SDIO_StopSDIOReadWait                    0x0800618f   Thumb Code     6  stm32f10x_sdio.o(.text)
    SDIO_SetSDIOReadWaitMode                 0x08006195   Thumb Code     6  stm32f10x_sdio.o(.text)
    SDIO_SetSDIOOperation                    0x0800619b   Thumb Code     6  stm32f10x_sdio.o(.text)
    SDIO_SendSDIOSuspendCmd                  0x080061a1   Thumb Code     6  stm32f10x_sdio.o(.text)
    SDIO_CommandCompletionCmd                0x080061a7   Thumb Code     6  stm32f10x_sdio.o(.text)
    SDIO_CEATAITCmd                          0x080061ad   Thumb Code    10  stm32f10x_sdio.o(.text)
    SDIO_SendCEATACmd                        0x080061b7   Thumb Code     6  stm32f10x_sdio.o(.text)
    SDIO_GetFlagStatus                       0x080061bd   Thumb Code    20  stm32f10x_sdio.o(.text)
    SDIO_ClearFlag                           0x080061d1   Thumb Code     6  stm32f10x_sdio.o(.text)
    SDIO_GetITStatus                         0x080061d7   Thumb Code    20  stm32f10x_sdio.o(.text)
    SDIO_ClearITPendingBit                   0x080061eb   Thumb Code     6  stm32f10x_sdio.o(.text)
    DMA_DeInit                               0x08006225   Thumb Code   318  stm32f10x_dma.o(.text)
    DMA_Init                                 0x08006363   Thumb Code    60  stm32f10x_dma.o(.text)
    DMA_StructInit                           0x0800639f   Thumb Code    26  stm32f10x_dma.o(.text)
    DMA_Cmd                                  0x080063b9   Thumb Code    22  stm32f10x_dma.o(.text)
    DMA_ITConfig                             0x080063cf   Thumb Code    18  stm32f10x_dma.o(.text)
    DMA_GetCurrDataCounter                   0x080063e1   Thumb Code     8  stm32f10x_dma.o(.text)
    DMA_GetFlagStatus                        0x080063e9   Thumb Code    34  stm32f10x_dma.o(.text)
    DMA_ClearFlag                            0x0800640b   Thumb Code    18  stm32f10x_dma.o(.text)
    DMA_GetITStatus                          0x0800641d   Thumb Code    34  stm32f10x_dma.o(.text)
    DMA_ClearITPendingBit                    0x0800643f   Thumb Code    18  stm32f10x_dma.o(.text)
    BKP_DeInit                               0x08006465   Thumb Code    16  stm32f10x_bkp.o(.text)
    BKP_TamperPinLevelConfig                 0x08006475   Thumb Code     6  stm32f10x_bkp.o(.text)
    BKP_TamperPinCmd                         0x0800647b   Thumb Code     6  stm32f10x_bkp.o(.text)
    BKP_ITConfig                             0x08006481   Thumb Code     6  stm32f10x_bkp.o(.text)
    BKP_RTCOutputConfig                      0x08006487   Thumb Code    28  stm32f10x_bkp.o(.text)
    BKP_SetRTCCalibrationValue               0x080064a3   Thumb Code    28  stm32f10x_bkp.o(.text)
    BKP_WriteBackupRegister                  0x080064bf   Thumb Code    12  stm32f10x_bkp.o(.text)
    BKP_ReadBackupRegister                   0x080064cb   Thumb Code    14  stm32f10x_bkp.o(.text)
    BKP_GetFlagStatus                        0x080064d9   Thumb Code     8  stm32f10x_bkp.o(.text)
    BKP_ClearFlag                            0x080064e1   Thumb Code    16  stm32f10x_bkp.o(.text)
    BKP_GetITStatus                          0x080064f1   Thumb Code     8  stm32f10x_bkp.o(.text)
    BKP_ClearITPendingBit                    0x080064f9   Thumb Code    16  stm32f10x_bkp.o(.text)
    PWR_DeInit                               0x08006529   Thumb Code    22  stm32f10x_pwr.o(.text)
    PWR_BackupAccessCmd                      0x0800653f   Thumb Code     6  stm32f10x_pwr.o(.text)
    PWR_PVDCmd                               0x08006545   Thumb Code     6  stm32f10x_pwr.o(.text)
    PWR_PVDLevelConfig                       0x0800654b   Thumb Code    18  stm32f10x_pwr.o(.text)
    PWR_WakeUpPinCmd                         0x0800655d   Thumb Code     6  stm32f10x_pwr.o(.text)
    PWR_EnterSTOPMode                        0x08006563   Thumb Code    46  stm32f10x_pwr.o(.text)
    PWR_EnterSTANDBYMode                     0x08006591   Thumb Code    46  stm32f10x_pwr.o(.text)
    PWR_GetFlagStatus                        0x080065bf   Thumb Code    20  stm32f10x_pwr.o(.text)
    PWR_ClearFlag                            0x080065d3   Thumb Code    14  stm32f10x_pwr.o(.text)
    CP_IIC_delay                             0x080065f1   Thumb Code    16  iic.o(.text)
    CP_IIC_Start                             0x08006601   Thumb Code    68  iic.o(.text)
    CP_IIC_Stop                              0x08006645   Thumb Code    64  iic.o(.text)
    CP_IIC_Wait_Ack                          0x08006685   Thumb Code    98  iic.o(.text)
    CP_IIC_Ack                               0x080066e7   Thumb Code    70  iic.o(.text)
    CP_IIC_NAck                              0x0800672d   Thumb Code    70  iic.o(.text)
    CP_IIC_Send_Byte                         0x08006773   Thumb Code    98  iic.o(.text)
    CP_IIC_Read_Byte                         0x080067d5   Thumb Code    86  iic.o(.text)
    I2C_RMI_BufferRead                       0x0800682b   Thumb Code   136  iic.o(.text)
    I2C_RMI_BufferWrite                      0x080068b3   Thumb Code   112  iic.o(.text)
    I2C_RMI_BufferRead_cont                  0x08006923   Thumb Code   156  iic.o(.text)
    CP_RMI_Read                              0x080069bf   Thumb Code   148  iic.o(.text)
    CP_BL_Read                               0x08006a53   Thumb Code   112  iic.o(.text)
    CP_RMI_Write                             0x08006ac3   Thumb Code   108  iic.o(.text)
    readRMI                                  0x08006b2f   Thumb Code   138  iic.o(.text)
    I2C_Int_Set                              0x08006bb9   Thumb Code    50  iic.o(.text)
    writeRMI                                 0x08006beb   Thumb Code   116  iic.o(.text)
    find_CP_IIC_address                      0x08006ca1   Thumb Code    64  pdt_scan.o(.text)
    read_all_reg                             0x08006ce1   Thumb Code    62  pdt_scan.o(.text)
    read_attn_reg                            0x08006d1f   Thumb Code    38  pdt_scan.o(.text)
    PDT_scan                                 0x08006d45   Thumb Code   784  pdt_scan.o(.text)
    constructFunc11                          0x08007055   Thumb Code  3708  pdt_scan.o(.text)
    constructFunc01                          0x08007ed1   Thumb Code  1916  pdt_scan.o(.text)
    constructFunc34                          0x0800864d   Thumb Code   260  pdt_scan.o(.text)
    constructFunc54                          0x08008751   Thumb Code  4788  pdt_scan.o(.text)
    constructFunc1A                          0x08009a05   Thumb Code  1144  pdt_scan.o(.text)
    constructFunc31                          0x08009e7d   Thumb Code    86  pdt_scan.o(.text)
    CheckReportMode                          0x08009f85   Thumb Code    88  rmi_func11.o(.text)
    RMI_Reset                                0x08009fdd   Thumb Code    46  rmi_func11.o(.text)
    Clean_RMI_Reset                          0x0800a00b   Thumb Code    56  rmi_func11.o(.text)
    Get_RMI_MaxPos                           0x0800a043   Thumb Code    94  rmi_func11.o(.text)
    convPosY2LCD                             0x0800a0a1   Thumb Code    50  rmi_func11.o(.text)
    convPosX2LCD                             0x0800a0d3   Thumb Code    46  rmi_func11.o(.text)
    read_func11                              0x0800a101   Thumb Code  1126  rmi_func11.o(.text)
    Set_F11_Rezero                           0x0800a567   Thumb Code    24  rmi_func11.o(.text)
    f54_ForceCal                             0x0800a5dd   Thumb Code    20  rmi_func54.o(.text)
    f54_ForceUpdate                          0x0800a5f1   Thumb Code    20  rmi_func54.o(.text)
    f54_SetCapacitanceImageReport            0x0800a605   Thumb Code   126  rmi_func54.o(.text)
    f54_CheckImageReportData                 0x0800a683   Thumb Code   542  rmi_func54.o(.text)
    f54_CheckPhyImgData                      0x0800a8a1   Thumb Code   672  rmi_func54.o(.text)
    f54_Set16BitImageReading                 0x0800ab41   Thumb Code   158  rmi_func54.o(.text)
    Check_RXTX_Count                         0x0800abdf   Thumb Code    80  rmi_func54.o(.text)
    fulfill_RX_tbl                           0x0800ac2f   Thumb Code   102  rmi_func54.o(.text)
    fulfill_TX_tbl                           0x0800ac95   Thumb Code    98  rmi_func54.o(.text)
    Set_ForceUpdate                          0x0800acf7   Thumb Code    78  rmi_func54.o(.text)
    Set_ForceCal                             0x0800ad45   Thumb Code    44  rmi_func54.o(.text)
    check_IMBM                               0x0800ad71   Thumb Code   150  rmi_func54.o(.text)
    Ctrl_F1A_RM                              0x0800af9d   Thumb Code   150  rmi_func1a.o(.text)
    Ctrl_F1A_FilterMode                      0x0800b033   Thumb Code   150  rmi_func1a.o(.text)
    read_func1A                              0x0800b0c9   Thumb Code   420  rmi_func1a.o(.text)
    SynaReadBootloadID                       0x0800b4b5   Thumb Code    40  rmi_func34.o(.text)
    SynaWriteBootloadID                      0x0800b4dd   Thumb Code    70  rmi_func34.o(.text)
    SynaReadFirmwareInfo                     0x0800b523   Thumb Code   108  rmi_func34.o(.text)
    SynaReadConfigInfo                       0x0800b58f   Thumb Code   108  rmi_func34.o(.text)
    SynaWaitForATTN                          0x0800b5fb   Thumb Code    10  rmi_func34.o(.text)
    SynaWaitATTN                             0x0800b605   Thumb Code    48  rmi_func34.o(.text)
    SynaEnableFlashing                       0x0800b635   Thumb Code   218  rmi_func34.o(.text)
    SynaFinalizeReflash                      0x0800b70f   Thumb Code   182  rmi_func34.o(.text)
    SynaInitialize                           0x0800b7c5   Thumb Code   114  rmi_func34.o(.text)
    eraseConfigBlock                         0x0800b837   Thumb Code    40  rmi_func34.o(.text)
    SynaProgramConfiguration                 0x0800b85f   Thumb Code  1032  rmi_func34.o(.text)
    ConfigBlockReflash                       0x0800bc67   Thumb Code    70  rmi_func34.o(.text)
    SynaFlashFirmwareWrite                   0x0800bcad   Thumb Code   116  rmi_func34.o(.text)
    SynaProgramFirmware                      0x0800bd21   Thumb Code    44  rmi_func34.o(.text)
    CompleteReflash                          0x0800bd4d   Thumb Code    34  rmi_func34.o(.text)
    fimrwareRevisionCheck                    0x0800bd6f   Thumb Code    58  rmi_func34.o(.text)
    SynaBootloaderLock                       0x0800bda9   Thumb Code   208  rmi_func34.o(.text)
    CRC_Calculate                            0x0800be79   Thumb Code    52  rmi_func34.o(.text)
    IIC_Stop                                 0x0800c13d   Thumb Code    74  24lc02.o(.text)
    IIC_Ack                                  0x0800c187   Thumb Code    80  24lc02.o(.text)
    IIC_NAck                                 0x0800c1d7   Thumb Code    80  24lc02.o(.text)
    IIC_Read_Byte                            0x0800c227   Thumb Code   106  24lc02.o(.text)
    IIC_Wait_Ack                             0x0800c291   Thumb Code    90  24lc02.o(.text)
    IIC_Send_Byte                            0x0800c2eb   Thumb Code   104  24lc02.o(.text)
    IIC_Start                                0x0800c353   Thumb Code    76  24lc02.o(.text)
    AT24CXX_ReadOneByte                      0x0800c39f   Thumb Code    88  24lc02.o(.text)
    AT24CXX_WriteOneByte                     0x0800c3f7   Thumb Code    80  24lc02.o(.text)
    AT24CXX_WriteLenByte                     0x0800c447   Thumb Code    42  24lc02.o(.text)
    AT24CXX_ReadLenByte                      0x0800c471   Thumb Code    44  24lc02.o(.text)
    AT24CXX_Check                            0x0800c49d   Thumb Code    46  24lc02.o(.text)
    AT24CXX_Read                             0x0800c4cb   Thumb Code    34  24lc02.o(.text)
    AT24CXX_Write                            0x0800c4ed   Thumb Code    36  24lc02.o(.text)
    Init_IIC                                 0x0800c511   Thumb Code    64  24lc02.o(.text)
    RTC_Get_Week                             0x0800c551   Thumb Code   114  rtc.o(.text)
    Is_Leap_Year                             0x0800c5c3   Thumb Code    58  rtc.o(.text)
    Time_Get                                 0x0800c5fd   Thumb Code   240  rtc.o(.text)
    Time_Update                              0x0800c6ed   Thumb Code   172  rtc.o(.text)
    Usart_Scanf                              0x0800c799   Thumb Code   174  rtc.o(.text)
    Time_Set                                 0x0800c847   Thumb Code   224  rtc.o(.text)
    Init_RTC                                 0x0800c927   Thumb Code   186  rtc.o(.text)
    RTC_IRQHandler                           0x0800c9e1   Thumb Code   374  rtc.o(.text)
    __use_no_semihosting                     0x0800cb57   Thumb Code     2  use_no_semi_2.o(.text)
    __2printf                                0x0800cb59   Thumb Code    20  noretval__2printf.o(.text)
    _printf_pre_padding                      0x0800cb71   Thumb Code    44  _printf_pad.o(.text)
    _printf_post_padding                     0x0800cb9d   Thumb Code    36  _printf_pad.o(.text)
    _printf_str                              0x0800cbc1   Thumb Code    82  _printf_str.o(.text)
    _printf_int_dec                          0x0800cc15   Thumb Code    98  _printf_dec.o(.text)
    _printf_int_hex                          0x0800cc89   Thumb Code    88  _printf_hex_int.o(.text)
    _printf_longlong_hex                     0x0800cc89   Thumb Code     0  _printf_hex_int.o(.text)
    __printf                                 0x0800cce5   Thumb Code   406  __printf_flags_ss_wp.o(.text)
    strcmp                                   0x0800ce81   Thumb Code   128  strcmpv7m.o(.text)
    __use_two_region_memory                  0x0800cf01   Thumb Code     2  heapauxi.o(.text)
    __rt_heap_escrow$2region                 0x0800cf03   Thumb Code     2  heapauxi.o(.text)
    __rt_heap_expand$2region                 0x0800cf05   Thumb Code     2  heapauxi.o(.text)
    __I$use$semihosting                      0x0800cf07   Thumb Code     0  use_no_semi.o(.text)
    __use_no_semihosting_swi                 0x0800cf07   Thumb Code     2  use_no_semi.o(.text)
    _printf_int_common                       0x0800cf09   Thumb Code   180  _printf_intcommon.o(.text)
    _printf_cs_common                        0x0800cfbd   Thumb Code    20  _printf_char.o(.text)
    _printf_char                             0x0800cfd1   Thumb Code    16  _printf_char.o(.text)
    _printf_string                           0x0800cfe1   Thumb Code     8  _printf_char.o(.text)
    _printf_char_file                        0x0800cfe9   Thumb Code    32  _printf_char_file.o(.text)
    __rt_udiv10                              0x0800d00d   Thumb Code    16  rtudiv10.o(.text)
    _printf_char_common                      0x0800d027   Thumb Code    32  _printf_char_common.o(.text)
    ferror                                   0x0800d04d   Thumb Code     8  ferror.o(.text)
    __user_setup_stackheap                   0x0800d055   Thumb Code    74  sys_stackheap_outer.o(.text)
    exit                                     0x0800d09f   Thumb Code    12  exit.o(.text)
    __user_libspace                          0x0800d0ad   Thumb Code     8  libspace.o(.text)
    __user_perproc_libspace                  0x0800d0ad   Thumb Code     0  libspace.o(.text)
    __user_perthread_libspace                0x0800d0ad   Thumb Code     0  libspace.o(.text)
    __rt_fp_status_addr                      0x0800d0b5   Thumb Code    12  rt_fp_status_addr_intlibspace.o(.text)
    ceil                                     0x0800d0c1   Thumb Code   204  ceil.o(i.ceil)
    __aeabi_dadd                             0x0800d19d   Thumb Code     0  daddsub_clz.o(x$fpl$dadd)
    _dadd                                    0x0800d19d   Thumb Code   328  daddsub_clz.o(x$fpl$dadd)
    __fpl_dcmp_Inf                           0x0800d2e9   Thumb Code    24  dcmpi.o(x$fpl$dcmpinf)
    __aeabi_ddiv                             0x0800d301   Thumb Code     0  ddiv.o(x$fpl$ddiv)
    _ddiv                                    0x0800d301   Thumb Code   552  ddiv.o(x$fpl$ddiv)
    __aeabi_d2uiz                            0x0800d5b1   Thumb Code     0  dfixu.o(x$fpl$dfixu)
    _dfixu                                   0x0800d5b1   Thumb Code    90  dfixu.o(x$fpl$dfixu)
    __aeabi_i2d                              0x0800d60b   Thumb Code     0  dflt_clz.o(x$fpl$dflt)
    _dflt                                    0x0800d60b   Thumb Code    46  dflt_clz.o(x$fpl$dflt)
    __aeabi_cdcmple                          0x0800d639   Thumb Code     0  dleqf.o(x$fpl$dleqf)
    _dcmple                                  0x0800d639   Thumb Code   120  dleqf.o(x$fpl$dleqf)
    __fpl_dcmple_InfNaN                      0x0800d69b   Thumb Code     0  dleqf.o(x$fpl$dleqf)
    __aeabi_dmul                             0x0800d6b1   Thumb Code     0  dmul.o(x$fpl$dmul)
    _dmul                                    0x0800d6b1   Thumb Code   332  dmul.o(x$fpl$dmul)
    __fpl_dnaninf                            0x0800d805   Thumb Code   156  dnaninf.o(x$fpl$dnaninf)
    __fpl_dretinf                            0x0800d8a1   Thumb Code    12  dretinf.o(x$fpl$dretinf)
    __aeabi_cdrcmple                         0x0800d8ad   Thumb Code     0  drleqf.o(x$fpl$drleqf)
    _drcmple                                 0x0800d8ad   Thumb Code   108  drleqf.o(x$fpl$drleqf)
    __aeabi_drsub                            0x0800d919   Thumb Code     0  daddsub_clz.o(x$fpl$drsb)
    _drsb                                    0x0800d919   Thumb Code    22  daddsub_clz.o(x$fpl$drsb)
    __aeabi_dsub                             0x0800d931   Thumb Code     0  daddsub_clz.o(x$fpl$dsub)
    _dsub                                    0x0800d931   Thumb Code   464  daddsub_clz.o(x$fpl$dsub)
    __aeabi_f2d                              0x0800db05   Thumb Code     0  f2d.o(x$fpl$f2d)
    _f2d                                     0x0800db05   Thumb Code    86  f2d.o(x$fpl$f2d)
    __aeabi_i2f                              0x0800db5d   Thumb Code     0  fflt_clz.o(x$fpl$fflt)
    _fflt                                    0x0800db5d   Thumb Code    48  fflt_clz.o(x$fpl$fflt)
    __fpl_fnaninf                            0x0800db8d   Thumb Code   140  fnaninf.o(x$fpl$fnaninf)
    _fp_init                                 0x0800dc19   Thumb Code    14  fpinit.o(x$fpl$fpinit)
    __fplib_config_pureend_doubles           0x0800dc25   Thumb Code     0  fpinit.o(x$fpl$fpinit)
    ASCII_1608                               0x0800dc26   Data        1536  lcd_drive.o(.constdata)
    __I$use$fp                               0x0800dc27   Thumb Code     0  usenofp.o(x$fpl$usenofp)
    GBHZ_16                                  0x0800e226   Data         816  lcd_drive.o(.constdata)
    SynaFirmware                             0x0800f758   Data       46849  rmi_func34.o(.constdata)
    table_week                               0x0801afbd   Data          12  rtc.o(.constdata)
    mon_table                                0x0801afc9   Data          12  rtc.o(.constdata)
    Region$$Table$$Base                      0x0801b010   Number         0  anon$$obj.o(Region$$Table)
    Region$$Table$$Limit                     0x0801b030   Number         0  anon$$obj.o(Region$$Table)
    I2C_Write                                0x20000000   Data          15  main.o(.data)
    I2C_NULL                                 0x2000000f   Data          36  main.o(.data)
    counter                                  0x20000034   Data           4  main.o(.data)
    SD_Status                                0x20000038   Data           1  main.o(.data)
    StatusCode                               0x20000039   Data           1  main.o(.data)
    b_infinite                               0x2000003a   Data           1  main.o(.data)
    I2C_Address                              0x2000003f   Data           1  main.o(.data)
    TIM_Count                                0x20000040   Data           2  main.o(.data)
    SD_SIZE                                  0x20000044   Data           4  main.o(.data)
    res                                      0x20000048   Data           1  main.o(.data)
    tmpBuf                                   0x20000049   Data           4  main.o(.data)
    LimitCheck                               0x2000004d   Data           1  main.o(.data)
    __stdout                                 0x20000050   Data           4  usart.o(.data)
    TextColor                                0x20000054   Data           2  lcd_drive.o(.data)
    BlackColor                               0x20000056   Data           2  lcd_drive.o(.data)
    TransferError                            0x20000074   Data           1  sdcard.o(.data)
    TransferEnd                              0x20000078   Data           4  sdcard.o(.data)
    NumberOfBytes                            0x2000007c   Data           4  sdcard.o(.data)
    SrcBuffer                                0x20000080   Data           4  sdcard.o(.data)
    DestBuffer                               0x20000084   Data           4  sdcard.o(.data)
    F01_RMI_Query0_20                        0x2000009c   Data           1  pdt_scan.o(.data)
    F01_RMI_Ctrl0                            0x2000009d   Data           1  pdt_scan.o(.data)
    F01_RMI_Data0                            0x2000009e   Data           1  pdt_scan.o(.data)
    F01_RMI_Cmd0                             0x2000009f   Data           1  pdt_scan.o(.data)
    F05_IMG_Query0_5                         0x200000a0   Data           1  pdt_scan.o(.data)
    F05_IMG_Ctrl0_5                          0x200000a1   Data           1  pdt_scan.o(.data)
    F05_IMG_Data0_1                          0x200000a2   Data           1  pdt_scan.o(.data)
    F05_IMG_Data2                            0x200000a3   Data           1  pdt_scan.o(.data)
    F05_IMG_Cmd0                             0x200000a4   Data           1  pdt_scan.o(.data)
    F11_2D_Query0                            0x200000a5   Data           1  pdt_scan.o(.data)
    F11_2D_Query6                            0x200000a6   Data           1  pdt_scan.o(.data)
    F11_2D_Query7                            0x200000a7   Data           1  pdt_scan.o(.data)
    F11_2D_Query8                            0x200000a8   Data           1  pdt_scan.o(.data)
    F11_2D_Query9                            0x200000a9   Data           1  pdt_scan.o(.data)
    F11_2D_Query10                           0x200000aa   Data           1  pdt_scan.o(.data)
    F11_2D_Query11                           0x200000ab   Data           1  pdt_scan.o(.data)
    F11_2D_Query12                           0x200000ac   Data           1  pdt_scan.o(.data)
    F11_2D_Query13                           0x200000ad   Data           1  pdt_scan.o(.data)
    F11_2D_Ctrl0_9                           0x200000ae   Data           1  pdt_scan.o(.data)
    F11_2D_Ctrl10_19                         0x200000af   Data           1  pdt_scan.o(.data)
    F11_2D_Ctrl20                            0x200000b0   Data           1  pdt_scan.o(.data)
    F11_2D_Data0                             0x200000b1   Data           1  pdt_scan.o(.data)
    F11_2D_Data0_0                           0x200000b2   Data           1  pdt_scan.o(.data)
    F11_2D_Data0_1                           0x200000b3   Data           1  pdt_scan.o(.data)
    F11_2D_Data0_2                           0x200000b4   Data           1  pdt_scan.o(.data)
    F11_2D_Data1_0                           0x200000b5   Data           1  pdt_scan.o(.data)
    F11_2D_Data1_1                           0x200000b6   Data           1  pdt_scan.o(.data)
    F11_2D_Data1_2                           0x200000b7   Data           1  pdt_scan.o(.data)
    F11_2D_Data1_3                           0x200000b8   Data           1  pdt_scan.o(.data)
    F11_2D_Data1_4                           0x200000b9   Data           1  pdt_scan.o(.data)
    F11_2D_Data1_5                           0x200000ba   Data           1  pdt_scan.o(.data)
    F11_2D_Data1_6                           0x200000bb   Data           1  pdt_scan.o(.data)
    F11_2D_Data1_7                           0x200000bc   Data           1  pdt_scan.o(.data)
    F11_2D_Data1_8                           0x200000bd   Data           1  pdt_scan.o(.data)
    F11_2D_Data1_9                           0x200000be   Data           1  pdt_scan.o(.data)
    F11_2D_Data6_0                           0x200000bf   Data           1  pdt_scan.o(.data)
    F11_2D_Data7_0                           0x200000c0   Data           1  pdt_scan.o(.data)
    F11_2D_Data6_1                           0x200000c1   Data           1  pdt_scan.o(.data)
    F11_2D_Data7_1                           0x200000c2   Data           1  pdt_scan.o(.data)
    F11_2D_Data8                             0x200000c3   Data           1  pdt_scan.o(.data)
    F11_2D_Data9                             0x200000c4   Data           1  pdt_scan.o(.data)
    F11_2D_Data10                            0x200000c5   Data           1  pdt_scan.o(.data)
    F11_2D_Data11                            0x200000c6   Data           1  pdt_scan.o(.data)
    F11_2D_Data12                            0x200000c7   Data           1  pdt_scan.o(.data)
    F11_2D_Data13_0                          0x200000c8   Data           1  pdt_scan.o(.data)
    F11_2D_Data13_1                          0x200000c9   Data           1  pdt_scan.o(.data)
    F11_2D_Data14                            0x200000ca   Data           1  pdt_scan.o(.data)
    F11_2D_Data15                            0x200000cb   Data           1  pdt_scan.o(.data)
    F11_2D_Data16                            0x200000cc   Data           1  pdt_scan.o(.data)
    F11_2D_Data17                            0x200000cd   Data           1  pdt_scan.o(.data)
    F11_2D_Data18_0                          0x200000ce   Data           1  pdt_scan.o(.data)
    F11_2D_Data19_0                          0x200000cf   Data           1  pdt_scan.o(.data)
    F11_2D_Data20_0                          0x200000d0   Data           1  pdt_scan.o(.data)
    F11_2D_Data21_0                          0x200000d1   Data           1  pdt_scan.o(.data)
    F11_2D_Data22_0                          0x200000d2   Data           1  pdt_scan.o(.data)
    F11_2D_Data23_0                          0x200000d3   Data           1  pdt_scan.o(.data)
    F11_2D_Data24_0                          0x200000d4   Data           1  pdt_scan.o(.data)
    F11_2D_Data25_0                          0x200000d5   Data           1  pdt_scan.o(.data)
    F11_2D_Data26_0                          0x200000d6   Data           1  pdt_scan.o(.data)
    F11_2D_Data27_0                          0x200000d7   Data           1  pdt_scan.o(.data)
    F11_2D_Data18_1                          0x200000d8   Data           1  pdt_scan.o(.data)
    F11_2D_Data19_1                          0x200000d9   Data           1  pdt_scan.o(.data)
    F11_2D_Data20_1                          0x200000da   Data           1  pdt_scan.o(.data)
    F11_2D_Data21_1                          0x200000db   Data           1  pdt_scan.o(.data)
    F11_2D_Data22_1                          0x200000dc   Data           1  pdt_scan.o(.data)
    F11_2D_Data23_1                          0x200000dd   Data           1  pdt_scan.o(.data)
    F11_2D_Data24_1                          0x200000de   Data           1  pdt_scan.o(.data)
    F11_2D_Data25_1                          0x200000df   Data           1  pdt_scan.o(.data)
    F11_2D_Data26_1                          0x200000e0   Data           1  pdt_scan.o(.data)
    F11_2D_Data27_1                          0x200000e1   Data           1  pdt_scan.o(.data)
    F11_2D_Data28                            0x200000e2   Data           1  pdt_scan.o(.data)
    F11_2D_Data29                            0x200000e3   Data           1  pdt_scan.o(.data)
    F11_2D_Data30                            0x200000e4   Data           1  pdt_scan.o(.data)
    F11_2D_Data31                            0x200000e5   Data           1  pdt_scan.o(.data)
    F11_2D_Data35_0                          0x200000e6   Data           1  pdt_scan.o(.data)
    F11_2D_Data35_1                          0x200000e7   Data           1  pdt_scan.o(.data)
    F11_2D_Data35_2                          0x200000e8   Data           1  pdt_scan.o(.data)
    F11_2D_Data35_3                          0x200000e9   Data           1  pdt_scan.o(.data)
    F11_2D_Data35_4                          0x200000ea   Data           1  pdt_scan.o(.data)
    F11_2D_Data35_5                          0x200000eb   Data           1  pdt_scan.o(.data)
    F11_2D_Data35_6                          0x200000ec   Data           1  pdt_scan.o(.data)
    F11_2D_Data35_7                          0x200000ed   Data           1  pdt_scan.o(.data)
    F11_2D_Data35_8                          0x200000ee   Data           1  pdt_scan.o(.data)
    F11_2D_Data35_9                          0x200000ef   Data           1  pdt_scan.o(.data)
    F11_2D_Cmd0                              0x200000f0   Data           1  pdt_scan.o(.data)
    F54_Query_Base                           0x200000f1   Data           1  pdt_scan.o(.data)
    F54_Control_Base                         0x200000f2   Data           1  pdt_scan.o(.data)
    F54_Data_Base                            0x200000f3   Data           1  pdt_scan.o(.data)
    F54_Command_Base                         0x200000f4   Data           1  pdt_scan.o(.data)
    F54_ANALOG_CTRL15_18                     0x200000f5   Data           1  pdt_scan.o(.data)
    F54_ANALOG_CTRL16_0                      0x200000f6   Data           1  pdt_scan.o(.data)
    F54_ANALOG_CTRL36_18                     0x200000f7   Data           1  pdt_scan.o(.data)
    F54_ANALOG_CTRL16_11                     0x200000f8   Data           1  pdt_scan.o(.data)
    F54_ANALOG_CTRL15_19                     0x200000f9   Data           1  pdt_scan.o(.data)
    F54_ANALOG_CTRL15_20                     0x200000fa   Data           1  pdt_scan.o(.data)
    F54_ANALOG_CTRL15_21                     0x200000fb   Data           1  pdt_scan.o(.data)
    F54_ANALOG_CTRL15_22                     0x200000fc   Data           1  pdt_scan.o(.data)
    F54_ANALOG_CTRL16_12                     0x200000fd   Data           1  pdt_scan.o(.data)
    F54_ANALOG_CTRL36_19                     0x200000fe   Data           1  pdt_scan.o(.data)
    F54_ANALOG_CTRL36_20                     0x200000ff   Data           1  pdt_scan.o(.data)
    F54_ANALOG_CTRL36_21                     0x20000100   Data           1  pdt_scan.o(.data)
    F54_ANALOG_CTRL36_22                     0x20000101   Data           1  pdt_scan.o(.data)
    F54_ANALOG_CTRL15_23                     0x20000102   Data           1  pdt_scan.o(.data)
    F54_ANALOG_CTRL15_24                     0x20000103   Data           1  pdt_scan.o(.data)
    F54_ANALOG_CTRL15_25                     0x20000104   Data           1  pdt_scan.o(.data)
    F54_ANALOG_CTRL15_26                     0x20000105   Data           1  pdt_scan.o(.data)
    F54_ANALOG_CTRL15_27                     0x20000106   Data           1  pdt_scan.o(.data)
    F54_ANALOG_CTRL16_13                     0x20000107   Data           1  pdt_scan.o(.data)
    F54_ANALOG_CTRL16_14                     0x20000108   Data           1  pdt_scan.o(.data)
    F54_ANALOG_CTRL16_15                     0x20000109   Data           1  pdt_scan.o(.data)
    F54_ANALOG_CTRL36_23                     0x2000010a   Data           1  pdt_scan.o(.data)
    F54_ANALOG_CTRL36_24                     0x2000010b   Data           1  pdt_scan.o(.data)
    F54_ANALOG_CTRL36_25                     0x2000010c   Data           1  pdt_scan.o(.data)
    F54_ANALOG_CTRL36_26                     0x2000010d   Data           1  pdt_scan.o(.data)
    F54_ANALOG_CTRL36_27                     0x2000010e   Data           1  pdt_scan.o(.data)
    F54_ANALOG_CTRL15_44                     0x2000010f   Data           1  pdt_scan.o(.data)
    F54_ANALOG_CTRL15_45                     0x20000110   Data           1  pdt_scan.o(.data)
    F54_ANALOG_CTRL15_46                     0x20000111   Data           1  pdt_scan.o(.data)
    F54_ANALOG_CTRL16_27                     0x20000112   Data           1  pdt_scan.o(.data)
    F54_ANALOG_CTRL16_28                     0x20000113   Data           1  pdt_scan.o(.data)
    F54_ANALOG_CTRL16_29                     0x20000114   Data           1  pdt_scan.o(.data)
    F54_ANALOG_CTRL36_44                     0x20000115   Data           1  pdt_scan.o(.data)
    F54_ANALOG_CTRL36_45                     0x20000116   Data           1  pdt_scan.o(.data)
    F54_ANALOG_CTRL36_46                     0x20000117   Data           1  pdt_scan.o(.data)
    F54_ANALOG_CTRL15_28                     0x20000118   Data           1  pdt_scan.o(.data)
    F54_ANALOG_CTRL15_29                     0x20000119   Data           1  pdt_scan.o(.data)
    F54_ANALOG_CTRL15_30                     0x2000011a   Data           1  pdt_scan.o(.data)
    F54_ANALOG_CTRL15_31                     0x2000011b   Data           1  pdt_scan.o(.data)
    F54_ANALOG_CTRL15_32                     0x2000011c   Data           1  pdt_scan.o(.data)
    F54_ANALOG_CTRL15_33                     0x2000011d   Data           1  pdt_scan.o(.data)
    F54_ANALOG_CTRL15_34                     0x2000011e   Data           1  pdt_scan.o(.data)
    F54_ANALOG_CTRL15_35                     0x2000011f   Data           1  pdt_scan.o(.data)
    F54_ANALOG_CTRL15_36                     0x20000120   Data           1  pdt_scan.o(.data)
    F54_ANALOG_CTRL15_37                     0x20000121   Data           1  pdt_scan.o(.data)
    F54_ANALOG_CTRL15_38                     0x20000122   Data           1  pdt_scan.o(.data)
    F54_ANALOG_CTRL15_39                     0x20000123   Data           1  pdt_scan.o(.data)
    F54_ANALOG_CTRL15_40                     0x20000124   Data           1  pdt_scan.o(.data)
    F54_ANALOG_CTRL15_41                     0x20000125   Data           1  pdt_scan.o(.data)
    F54_ANALOG_CTRL15_42                     0x20000126   Data           1  pdt_scan.o(.data)
    F54_ANALOG_CTRL15_43                     0x20000127   Data           1  pdt_scan.o(.data)
    F54_ANALOG_CTRL16_16                     0x20000128   Data           1  pdt_scan.o(.data)
    F54_ANALOG_CTRL16_17                     0x20000129   Data           1  pdt_scan.o(.data)
    F54_ANALOG_CTRL16_18                     0x2000012a   Data           1  pdt_scan.o(.data)
    F54_ANALOG_CTRL16_19                     0x2000012b   Data           1  pdt_scan.o(.data)
    F54_ANALOG_CTRL16_20                     0x2000012c   Data           1  pdt_scan.o(.data)
    F54_ANALOG_CTRL16_21                     0x2000012d   Data           1  pdt_scan.o(.data)
    F54_ANALOG_CTRL16_22                     0x2000012e   Data           1  pdt_scan.o(.data)
    F54_ANALOG_CTRL16_23                     0x2000012f   Data           1  pdt_scan.o(.data)
    F54_ANALOG_CTRL16_24                     0x20000130   Data           1  pdt_scan.o(.data)
    F54_ANALOG_CTRL16_25                     0x20000131   Data           1  pdt_scan.o(.data)
    F54_ANALOG_CTRL16_26                     0x20000132   Data           1  pdt_scan.o(.data)
    F54_ANALOG_CTRL17                        0x20000133   Data           1  pdt_scan.o(.data)
    F54_ANALOG_CTRL36_28                     0x20000134   Data           1  pdt_scan.o(.data)
    F54_ANALOG_CTRL36_29                     0x20000135   Data           1  pdt_scan.o(.data)
    F54_ANALOG_CTRL36_30                     0x20000136   Data           1  pdt_scan.o(.data)
    F54_ANALOG_CTRL36_31                     0x20000137   Data           1  pdt_scan.o(.data)
    F54_ANALOG_CTRL36_32                     0x20000138   Data           1  pdt_scan.o(.data)
    F54_ANALOG_CTRL36_33                     0x20000139   Data           1  pdt_scan.o(.data)
    F54_ANALOG_CTRL36_34                     0x2000013a   Data           1  pdt_scan.o(.data)
    F54_ANALOG_CTRL36_35                     0x2000013b   Data           1  pdt_scan.o(.data)
    F54_ANALOG_CTRL36_36                     0x2000013c   Data           1  pdt_scan.o(.data)
    F54_ANALOG_CTRL36_37                     0x2000013d   Data           1  pdt_scan.o(.data)
    F54_ANALOG_CTRL36_38                     0x2000013e   Data           1  pdt_scan.o(.data)
    F54_ANALOG_CTRL36_39                     0x2000013f   Data           1  pdt_scan.o(.data)
    F54_ANALOG_CTRL36_40                     0x20000140   Data           1  pdt_scan.o(.data)
    F54_ANALOG_CTRL36_41                     0x20000141   Data           1  pdt_scan.o(.data)
    F54_ANALOG_CTRL36_42                     0x20000142   Data           1  pdt_scan.o(.data)
    F54_ANALOG_CTRL36_43                     0x20000143   Data           1  pdt_scan.o(.data)
    F54_ANALOG_CTRL38                        0x20000144   Data           1  pdt_scan.o(.data)
    F34_FLASH_QUERY_BASE                     0x20000145   Data           1  pdt_scan.o(.data)
    F34_FLASH_COMMAND_BASE                   0x20000146   Data           1  pdt_scan.o(.data)
    F34_FLASH_CONTROL_BASE                   0x20000147   Data           1  pdt_scan.o(.data)
    F34_FLASH_DATA_BASE                      0x20000148   Data           1  pdt_scan.o(.data)
    F1A_0D_QUERY_BASE                        0x20000149   Data           1  pdt_scan.o(.data)
    F1A_0D_COMMAND_BASE                      0x2000014a   Data           1  pdt_scan.o(.data)
    F1A_0D_CONTROL_BASE                      0x2000014b   Data           1  pdt_scan.o(.data)
    F1A_0D_CTRL3_0                           0x2000014c   Data           1  pdt_scan.o(.data)
    F1A_0D_CTRL4_0                           0x2000014d   Data           1  pdt_scan.o(.data)
    F1A_0D_CTRL3_1                           0x2000014e   Data           1  pdt_scan.o(.data)
    F1A_0D_CTRL4_1                           0x2000014f   Data           1  pdt_scan.o(.data)
    F1A_0D_CTRL3_2                           0x20000150   Data           1  pdt_scan.o(.data)
    F1A_0D_CTRL4_2                           0x20000151   Data           1  pdt_scan.o(.data)
    F1A_0D_CTRL3_3                           0x20000152   Data           1  pdt_scan.o(.data)
    F1A_0D_CTRL4_3                           0x20000153   Data           1  pdt_scan.o(.data)
    F1A_0D_CTRL5_0                           0x20000154   Data           1  pdt_scan.o(.data)
    F1A_0D_CTRL5_1                           0x20000155   Data           1  pdt_scan.o(.data)
    F1A_0D_CTRL5_2                           0x20000156   Data           1  pdt_scan.o(.data)
    F1A_0D_CTRL5_3                           0x20000157   Data           1  pdt_scan.o(.data)
    F1A_0D_CTRL06                            0x20000158   Data           1  pdt_scan.o(.data)
    F1A_0D_DATA_BASE                         0x20000159   Data           1  pdt_scan.o(.data)
    F31_LED_QUERY_BASE                       0x2000015a   Data           1  pdt_scan.o(.data)
    F31_LED_COMMAND_BASE                     0x2000015b   Data           1  pdt_scan.o(.data)
    F31_LED_CONTROL_BASE                     0x2000015c   Data           1  pdt_scan.o(.data)
    F31_LED_DATA_BASE                        0x2000015d   Data           1  pdt_scan.o(.data)
    NumOfFingers_Reporting                   0x2000015e   Data           1  pdt_scan.o(.data)
    F11_2D_Data0_registerCount               0x2000015f   Data           1  pdt_scan.o(.data)
    MaxButtonCount                           0x20000160   Data           1  pdt_scan.o(.data)
    F01_exist                                0x20000161   Data           1  pdt_scan.o(.data)
    F11_exist                                0x20000162   Data           1  pdt_scan.o(.data)
    F34_exist                                0x20000163   Data           1  pdt_scan.o(.data)
    F54_exist                                0x20000164   Data           1  pdt_scan.o(.data)
    F1A_exist                                0x20000165   Data           1  pdt_scan.o(.data)
    F31_exist                                0x20000166   Data           1  pdt_scan.o(.data)
    HasQuery9                                0x20000167   Data           1  pdt_scan.o(.data)
    HasQuery11                               0x20000168   Data           1  pdt_scan.o(.data)
    HasQuery12                               0x20000169   Data           1  pdt_scan.o(.data)
    HasSensitivityAdjust                     0x2000016a   Data           1  pdt_scan.o(.data)
    HasGestures                              0x2000016b   Data           1  pdt_scan.o(.data)
    HasAbsMode                               0x2000016c   Data           1  pdt_scan.o(.data)
    HasRelMode                               0x2000016d   Data           1  pdt_scan.o(.data)
    totalInts                                0x2000016e   Data           1  pdt_scan.o(.data)
    HasFlashInt                              0x2000016f   Data           1  pdt_scan.o(.data)
    HasStatusInt                             0x20000170   Data           1  pdt_scan.o(.data)
    HasAbs0Int                               0x20000171   Data           1  pdt_scan.o(.data)
    HasAbs1Int                               0x20000172   Data           1  pdt_scan.o(.data)
    HasButtonInt                             0x20000173   Data           1  pdt_scan.o(.data)
    HasBistInt                               0x20000174   Data           1  pdt_scan.o(.data)
    HasAnalogInt                             0x20000175   Data           1  pdt_scan.o(.data)
    sensor                                   0x20000176   Data           5  pdt_scan.o(.data)
    nfsg                                     0x2000017b   Data           1  pdt_scan.o(.data)
    Package_ID                               0x2000017c   Data           2  pdt_scan.o(.data)
    Package_ID_Rev                           0x2000017e   Data           2  pdt_scan.o(.data)
    Packrat_Num                              0x20000180   Data           4  pdt_scan.o(.data)
    b_Has8bitW                               0x20000184   Data           1  pdt_scan.o(.data)
    ReportMode                               0x20000186   Data           1  rmi_func11.o(.data)
    Max_X_Pos                                0x20000188   Data           2  rmi_func11.o(.data)
    Max_Y_Pos                                0x2000018a   Data           2  rmi_func11.o(.data)
    fig_color                                0x2000018c   Data          20  rmi_func11.o(.data)
    tmpbuf                                   0x200001a0   Data           1  rmi_func11.o(.data)
    color_bar                                0x200001a4   Data          20  rmi_func54.o(.data)
    LowerLimit                               0x200001b8   Data        2240  rmi_func54.o(.data)
    UpperLimit                               0x20000a78   Data        2240  rmi_func54.o(.data)
    command                                  0x20001338   Data           1  rmi_func54.o(.data)
    page                                     0x20001339   Data           1  rmi_func54.o(.data)
    tmp2bufs                                 0x2000133a   Data           2  rmi_func54.o(.data)
    ReceiverElectrodeCount                   0x2000133c   Data           1  rmi_func54.o(.data)
    TransmitterElectrodeCount                0x2000133d   Data           1  rmi_func54.o(.data)
    RXMAP_Num                                0x2000133e   Data           1  rmi_func54.o(.data)
    TXMAP_Num                                0x2000133f   Data           1  rmi_func54.o(.data)
    length                                   0x20001340   Data           2  rmi_func54.o(.data)
    IM                                       0x20001342   Data           2  rmi_func54.o(.data)
    RR                                       0x20001344   Data           2  rmi_func54.o(.data)
    BM                                       0x20001346   Data           2  rmi_func54.o(.data)
    B0                                       0x20001348   Data          10  rmi_func1a.o(.data)
    B1                                       0x20001352   Data          10  rmi_func1a.o(.data)
    B2                                       0x2000135c   Data          10  rmi_func1a.o(.data)
    B3                                       0x20001366   Data          10  rmi_func1a.o(.data)
    SynaBootloadID                           0x20001570   Data           2  rmi_func34.o(.data)
    SynaFirmwareBlockSize                    0x20001572   Data           2  rmi_func34.o(.data)
    SynaFirmwareBlockCount                   0x20001574   Data           2  rmi_func34.o(.data)
    SynaConfigBlockSize                      0x20001576   Data           2  rmi_func34.o(.data)
    SynaConfigBlockCount                     0x20001578   Data           2  rmi_func34.o(.data)
    SynaConfigImageSize                      0x2000157c   Data           4  rmi_func34.o(.data)
    SynaImageSize                            0x20001580   Data           4  rmi_func34.o(.data)
    SynaconfigImgData                        0x20001584   Data           4  rmi_func34.o(.data)
    SynafirmwareImgData                      0x20001588   Data           4  rmi_func34.o(.data)
    SynalockImgData                          0x2000158c   Data           4  rmi_func34.o(.data)
    SynafirmwareImgVersion                   0x20001590   Data           4  rmi_func34.o(.data)
    I2C_Read                                 0x20001598   Data          15  main.o(.bss)
    SendBuff                                 0x200015a8   Data       10400  main.o(.bss)
    SDCardInfo                               0x20003e48   Data          80  main.o(.bss)
    file                                     0x20003e98   Data         560  main.o(.bss)
    fsrc                                     0x200040c8   Data         548  main.o(.bss)
    fdst                                     0x200042ec   Data         548  main.o(.bss)
    buff_filename                            0x20004510   Data         117  main.o(.bss)
    DMA_InitStructure                        0x20004588   Data          44  main.o(.bss)
    SDIO_InitStructure                       0x200045d4   Data          24  sdcard.o(.bss)
    SDIO_CmdInitStructure                    0x200045ec   Data          20  sdcard.o(.bss)
    SDIO_DataInitStructure                   0x20004600   Data          24  sdcard.o(.bss)
    ProductID                                0x20004618   Data          10  pdt_scan.o(.bss)
    tmpbufs                                  0x20004622   Data          10  rmi_func11.o(.bss)
    fingerbufs                               0x2000462c   Data          50  rmi_func11.o(.bss)
    Result                                   0x2000465e   Data         560  rmi_func54.o(.bss)
    timer                                    0x2000488e   Data          10  rtc.o(.bss)
    __libspace_start                         0x20004898   Data          96  libspace.o(.bss)
    __temporary_stack_top$libspace           0x200048f8   Data           0  libspace.o(.bss)



==============================================================================

Memory Map of the image

  Image Entry point : 0x08000131

  Load Region LR_IROM1 (Base: 0x08000000, Size: 0x0001c5c8, Max: 0x00040000, ABSOLUTE, COMPRESSED[0x0001b1cc])

    Execution Region ER_IROM1 (Base: 0x08000000, Size: 0x0001b030, Max: 0x00040000, ABSOLUTE)

    Base Addr    Size         Type   Attr      Idx    E Section Name        Object

    0x08000000   0x00000130   Data   RO           85    RESET               startup_stm32f10x_hd.o
    0x08000130   0x00000008   Code   RO          725  * !!!main             c_w.l(__main.o)(c_w.l)
    0x08000138   0x00000034   Code   RO          951    !!!scatter          c_w.l(__scatter.o)(c_w.l)
    0x0800016c   0x0000005a   Code   RO          949    !!dczerorl2         c_w.l(__dczerorl2.o)(c_w.l)
    0x080001c6   0x00000002   PAD
    0x080001c8   0x0000001c   Code   RO          953    !!handler_zi        c_w.l(__scatter_zi.o)(c_w.l)
    0x080001e4   0x00000000   Code   RO          720    .ARM.Collect$$_printf_percent$$00000000  c_w.l(_printf_percent.o)(c_w.l)
    0x080001e4   0x00000006   Code   RO          718    .ARM.Collect$$_printf_percent$$00000009  c_w.l(_printf_d.o)(c_w.l)
    0x080001ea   0x00000006   Code   RO          719    .ARM.Collect$$_printf_percent$$0000000A  c_w.l(_printf_u.o)(c_w.l)
    0x080001f0   0x00000006   Code   RO          717    .ARM.Collect$$_printf_percent$$0000000C  c_w.l(_printf_x.o)(c_w.l)
    0x080001f6   0x00000006   Code   RO          715    .ARM.Collect$$_printf_percent$$00000013  c_w.l(_printf_c.o)(c_w.l)
    0x080001fc   0x00000006   Code   RO          716    .ARM.Collect$$_printf_percent$$00000014  c_w.l(_printf_s.o)(c_w.l)
    0x08000202   0x00000004   Code   RO          769    .ARM.Collect$$_printf_percent$$00000017  c_w.l(_printf_percent_end.o)(c_w.l)
    0x08000206   0x00000006   Code   RO          823    .ARM.Collect$$libinit$$00000000  c_w.l(libinit.o)(c_w.l)
    0x0800020c   0x00000000   Code   RO          831    .ARM.Collect$$libinit$$00000006  c_w.l(libinit2.o)(c_w.l)
    0x0800020c   0x00000000   Code   RO          833    .ARM.Collect$$libinit$$00000008  c_w.l(libinit2.o)(c_w.l)
    0x0800020c   0x00000000   Code   RO          835    .ARM.Collect$$libinit$$0000000A  c_w.l(libinit2.o)(c_w.l)
    0x0800020c   0x00000000   Code   RO          838    .ARM.Collect$$libinit$$0000000D  c_w.l(libinit2.o)(c_w.l)
    0x0800020c   0x00000000   Code   RO          840    .ARM.Collect$$libinit$$0000000F  c_w.l(libinit2.o)(c_w.l)
    0x0800020c   0x00000000   Code   RO          842    .ARM.Collect$$libinit$$00000011  c_w.l(libinit2.o)(c_w.l)
    0x0800020c   0x00000000   Code   RO          844    .ARM.Collect$$libinit$$00000013  c_w.l(libinit2.o)(c_w.l)
    0x0800020c   0x00000000   Code   RO          846    .ARM.Collect$$libinit$$00000015  c_w.l(libinit2.o)(c_w.l)
    0x0800020c   0x00000000   Code   RO          848    .ARM.Collect$$libinit$$00000017  c_w.l(libinit2.o)(c_w.l)
    0x0800020c   0x00000000   Code   RO          850    .ARM.Collect$$libinit$$00000019  c_w.l(libinit2.o)(c_w.l)
    0x0800020c   0x00000000   Code   RO          852    .ARM.Collect$$libinit$$0000001B  c_w.l(libinit2.o)(c_w.l)
    0x0800020c   0x00000000   Code   RO          854    .ARM.Collect$$libinit$$0000001D  c_w.l(libinit2.o)(c_w.l)
    0x0800020c   0x00000000   Code   RO          856    .ARM.Collect$$libinit$$0000001F  c_w.l(libinit2.o)(c_w.l)
    0x0800020c   0x00000000   Code   RO          858    .ARM.Collect$$libinit$$00000021  c_w.l(libinit2.o)(c_w.l)
    0x0800020c   0x00000000   Code   RO          862    .ARM.Collect$$libinit$$00000028  c_w.l(libinit2.o)(c_w.l)
    0x0800020c   0x00000000   Code   RO          864    .ARM.Collect$$libinit$$0000002A  c_w.l(libinit2.o)(c_w.l)
    0x0800020c   0x00000000   Code   RO          866    .ARM.Collect$$libinit$$0000002C  c_w.l(libinit2.o)(c_w.l)
    0x0800020c   0x00000000   Code   RO          868    .ARM.Collect$$libinit$$0000002E  c_w.l(libinit2.o)(c_w.l)
    0x0800020c   0x00000002   Code   RO          869    .ARM.Collect$$libinit$$0000002F  c_w.l(libinit2.o)(c_w.l)
    0x0800020e   0x00000002   Code   RO          893    .ARM.Collect$$libshutdown$$00000000  c_w.l(libshutdown.o)(c_w.l)
    0x08000210   0x00000000   Code   RO          904    .ARM.Collect$$libshutdown$$00000003  c_w.l(libshutdown2.o)(c_w.l)
    0x08000210   0x00000000   Code   RO          907    .ARM.Collect$$libshutdown$$00000006  c_w.l(libshutdown2.o)(c_w.l)
    0x08000210   0x00000000   Code   RO          910    .ARM.Collect$$libshutdown$$00000009  c_w.l(libshutdown2.o)(c_w.l)
    0x08000210   0x00000000   Code   RO          912    .ARM.Collect$$libshutdown$$0000000B  c_w.l(libshutdown2.o)(c_w.l)
    0x08000210   0x00000000   Code   RO          915    .ARM.Collect$$libshutdown$$0000000E  c_w.l(libshutdown2.o)(c_w.l)
    0x08000210   0x00000002   Code   RO          916    .ARM.Collect$$libshutdown$$0000000F  c_w.l(libshutdown2.o)(c_w.l)
    0x08000212   0x00000000   Code   RO          761    .ARM.Collect$$rtentry$$00000000  c_w.l(rtentry.o)(c_w.l)
    0x08000212   0x00000000   Code   RO          788    .ARM.Collect$$rtentry$$00000002  c_w.l(rtentry2.o)(c_w.l)
    0x08000212   0x00000006   Code   RO          803    .ARM.Collect$$rtentry$$00000004  c_w.l(rtentry4.o)(c_w.l)
    0x08000218   0x00000000   Code   RO          790    .ARM.Collect$$rtentry$$00000009  c_w.l(rtentry2.o)(c_w.l)
    0x08000218   0x00000004   Code   RO          791    .ARM.Collect$$rtentry$$0000000A  c_w.l(rtentry2.o)(c_w.l)
    0x0800021c   0x00000000   Code   RO          793    .ARM.Collect$$rtentry$$0000000C  c_w.l(rtentry2.o)(c_w.l)
    0x0800021c   0x00000008   Code   RO          794    .ARM.Collect$$rtentry$$0000000D  c_w.l(rtentry2.o)(c_w.l)
    0x08000224   0x00000002   Code   RO          827    .ARM.Collect$$rtexit$$00000000  c_w.l(rtexit.o)(c_w.l)
    0x08000226   0x00000000   Code   RO          873    .ARM.Collect$$rtexit$$00000002  c_w.l(rtexit2.o)(c_w.l)
    0x08000226   0x00000004   Code   RO          874    .ARM.Collect$$rtexit$$00000003  c_w.l(rtexit2.o)(c_w.l)
    0x0800022a   0x00000006   Code   RO          875    .ARM.Collect$$rtexit$$00000004  c_w.l(rtexit2.o)(c_w.l)
    0x08000230   0x00000124   Code   RO           17    .text               system_stm32f10x.o
    0x08000354   0x0000004c   Code   RO           86    .text               startup_stm32f10x_hd.o
    0x080003a0   0x00000e7c   Code   RO           90    .text               main.o
    0x0800121c   0x00000120   Code   RO          169    .text               usart.o
    0x0800133c   0x0000001a   Code   RO          188    .text               stm32f10x_it.o
    0x08001356   0x00000002   PAD
    0x08001358   0x0000013c   Code   RO          203    .text               stm32f10x_exti.o
    0x08001494   0x00000b2c   Code   RO          215    .text               stm32f10x_tim.o
    0x08001fc0   0x00000178   Code   RO          227    .text               stm32f10x_rtc.o
    0x08002138   0x00000bb4   Code   RO          239    .text               lcd_drive.o
    0x08002cec   0x00000048   Code   RO          276    .text               hz16.o
    0x08002d34   0x0000218a   Code   RO          299    .text               sdcard.o
    0x08004ebe   0x00000002   PAD
    0x08004ec0   0x000000f8   Code   RO          379    .text               misc.o
    0x08004fb8   0x00000338   Code   RO          403    .text               stm32f10x_gpio.o
    0x080052f0   0x000003a4   Code   RO          415    .text               stm32f10x_rcc.o
    0x08005694   0x00000610   Code   RO          429    .text               stm32f10x_fsmc.o
    0x08005ca4   0x000003a8   Code   RO          441    .text               stm32f10x_usart.o
    0x0800604c   0x000001d8   Code   RO          453    .text               stm32f10x_sdio.o
    0x08006224   0x00000240   Code   RO          465    .text               stm32f10x_dma.o
    0x08006464   0x000000c4   Code   RO          477    .text               stm32f10x_bkp.o
    0x08006528   0x000000c8   Code   RO          489    .text               stm32f10x_pwr.o
    0x080065f0   0x000006b0   Code   RO          501    .text               iic.o
    0x08006ca0   0x000032e4   Code   RO          520    .text               pdt_scan.o
    0x08009f84   0x00000658   Code   RO          545    .text               rmi_func11.o
    0x0800a5dc   0x000009c0   Code   RO          567    .text               rmi_func54.o
    0x0800af9c   0x00000518   Code   RO          585    .text               rmi_func1a.o
    0x0800b4b4   0x00000c88   Code   RO          601    .text               rmi_func34.o
    0x0800c13c   0x00000414   Code   RO          622    .text               24lc02.o
    0x0800c550   0x00000606   Code   RO          637    .text               rtc.o
    0x0800cb56   0x00000002   Code   RO          662    .text               c_w.l(use_no_semi_2.o)(c_w.l)
    0x0800cb58   0x00000018   Code   RO          666    .text               c_w.l(noretval__2printf.o)(c_w.l)
    0x0800cb70   0x00000050   Code   RO          670    .text               c_w.l(_printf_pad.o)(c_w.l)
    0x0800cbc0   0x00000052   Code   RO          672    .text               c_w.l(_printf_str.o)(c_w.l)
    0x0800cc12   0x00000002   PAD
    0x0800cc14   0x00000074   Code   RO          674    .text               c_w.l(_printf_dec.o)(c_w.l)
    0x0800cc88   0x0000005c   Code   RO          679    .text               c_w.l(_printf_hex_int.o)(c_w.l)
    0x0800cce4   0x0000019c   Code   RO          712    .text               c_w.l(__printf_flags_ss_wp.o)(c_w.l)
    0x0800ce80   0x00000080   Code   RO          721    .text               c_w.l(strcmpv7m.o)(c_w.l)
    0x0800cf00   0x00000006   Code   RO          723    .text               c_w.l(heapauxi.o)(c_w.l)
    0x0800cf06   0x00000002   Code   RO          759    .text               c_w.l(use_no_semi.o)(c_w.l)
    0x0800cf08   0x000000b4   Code   RO          763    .text               c_w.l(_printf_intcommon.o)(c_w.l)
    0x0800cfbc   0x0000002c   Code   RO          765    .text               c_w.l(_printf_char.o)(c_w.l)
    0x0800cfe8   0x00000024   Code   RO          767    .text               c_w.l(_printf_char_file.o)(c_w.l)
    0x0800d00c   0x00000010   Code   RO          770    .text               c_w.l(rtudiv10.o)(c_w.l)
    0x0800d01c   0x00000030   Code   RO          805    .text               c_w.l(_printf_char_common.o)(c_w.l)
    0x0800d04c   0x00000008   Code   RO          807    .text               c_w.l(ferror.o)(c_w.l)
    0x0800d054   0x0000004a   Code   RO          811    .text               c_w.l(sys_stackheap_outer.o)(c_w.l)
    0x0800d09e   0x0000000c   Code   RO          815    .text               c_w.l(exit.o)(c_w.l)
    0x0800d0aa   0x00000002   PAD
    0x0800d0ac   0x00000008   Code   RO          824    .text               c_w.l(libspace.o)(c_w.l)
    0x0800d0b4   0x0000000c   Code   RO          883    .text               c_w.l(rt_fp_status_addr_intlibspace.o)(c_w.l)
    0x0800d0c0   0x000000dc   Code   RO          756    i.ceil              m_ws.l(ceil.o)(m_ws.l)
    0x0800d19c   0x0000014c   Code   RO          772    x$fpl$dadd          fz_ws.l(daddsub_clz.o)(fz_ws.l)
    0x0800d2e8   0x00000018   Code   RO          778    x$fpl$dcmpinf       fz_ws.l(dcmpi.o)(fz_ws.l)
    0x0800d300   0x000002b0   Code   RO          728    x$fpl$ddiv          fz_ws.l(ddiv.o)(fz_ws.l)
    0x0800d5b0   0x0000005a   Code   RO          731    x$fpl$dfixu         fz_ws.l(dfixu.o)(fz_ws.l)
    0x0800d60a   0x0000002e   Code   RO          736    x$fpl$dflt          fz_ws.l(dflt_clz.o)(fz_ws.l)
    0x0800d638   0x00000078   Code   RO          741    x$fpl$dleqf         fz_ws.l(dleqf.o)(fz_ws.l)
    0x0800d6b0   0x00000154   Code   RO          743    x$fpl$dmul          fz_ws.l(dmul.o)(fz_ws.l)
    0x0800d804   0x0000009c   Code   RO          780    x$fpl$dnaninf       fz_ws.l(dnaninf.o)(fz_ws.l)
    0x0800d8a0   0x0000000c   Code   RO          782    x$fpl$dretinf       fz_ws.l(dretinf.o)(fz_ws.l)
    0x0800d8ac   0x0000006c   Code   RO          745    x$fpl$drleqf        fz_ws.l(drleqf.o)(fz_ws.l)
    0x0800d918   0x00000016   Code   RO          773    x$fpl$drsb          fz_ws.l(daddsub_clz.o)(fz_ws.l)
    0x0800d92e   0x00000002   PAD
    0x0800d930   0x000001d4   Code   RO          774    x$fpl$dsub          fz_ws.l(daddsub_clz.o)(fz_ws.l)
    0x0800db04   0x00000056   Code   RO          747    x$fpl$f2d           fz_ws.l(f2d.o)(fz_ws.l)
    0x0800db5a   0x00000002   PAD
    0x0800db5c   0x00000030   Code   RO          750    x$fpl$fflt          fz_ws.l(fflt_clz.o)(fz_ws.l)
    0x0800db8c   0x0000008c   Code   RO          784    x$fpl$fnaninf       fz_ws.l(fnaninf.o)(fz_ws.l)
    0x0800dc18   0x0000000e   Code   RO          870    x$fpl$fpinit        fz_ws.l(fpinit.o)(fz_ws.l)
    0x0800dc26   0x00000000   Code   RO          786    x$fpl$usenofp       fz_ws.l(usenofp.o)(fz_ws.l)
    0x0800dc26   0x00000930   Data   RO          240    .constdata          lcd_drive.o
    0x0800e556   0x00000002   PAD
    0x0800e558   0x000010d4   Data   RO          522    .constdata          pdt_scan.o
    0x0800f62c   0x0000008f   Data   RO          547    .constdata          rmi_func11.o
    0x0800f6bb   0x00000001   PAD
    0x0800f6bc   0x0000009c   Data   RO          569    .constdata          rmi_func54.o
    0x0800f758   0x0000b865   Data   RO          602    .constdata          rmi_func34.o
    0x0801afbd   0x00000018   Data   RO          639    .constdata          rtc.o
    0x0801afd5   0x00000028   Data   RO          680    .constdata          c_w.l(_printf_hex_int.o)(c_w.l)
    0x0801affd   0x00000011   Data   RO          713    .constdata          c_w.l(__printf_flags_ss_wp.o)(c_w.l)
    0x0801b00e   0x00000002   PAD
    0x0801b010   0x00000020   Data   RO          947    Region$$Table       anon$$obj.o


    Execution Region RW_IRAM1 (Base: 0x20000000, Size: 0x000050f8, Max: 0x0000c000, ABSOLUTE, COMPRESSED[0x0000019c])

    Base Addr    Size         Type   Attr      Idx    E Section Name        Object

    0x20000000   0x0000004e   Data   RW           93    .data               main.o
    0x2000004e   0x00000002   PAD
    0x20000050   0x00000004   Data   RW          170    .data               usart.o
    0x20000054   0x0000000a   Data   RW          241    .data               lcd_drive.o
    0x2000005e   0x00000002   PAD
    0x20000060   0x00000028   Data   RW          301    .data               sdcard.o
    0x20000088   0x00000014   Data   RW          416    .data               stm32f10x_rcc.o
    0x2000009c   0x000000e9   Data   RW          523    .data               pdt_scan.o
    0x20000185   0x00000001   PAD
    0x20000186   0x0000001b   Data   RW          548    .data               rmi_func11.o
    0x200001a1   0x00000003   PAD
    0x200001a4   0x000011a4   Data   RW          570    .data               rmi_func54.o
    0x20001348   0x00000028   Data   RW          586    .data               rmi_func1a.o
    0x20001370   0x00000224   Data   RW          603    .data               rmi_func34.o
    0x20001594   0x00000002   Data   RW          640    .data               rtc.o
    0x20001596   0x00000002   PAD
    0x20001598   0x0000301c   Zero   RW           91    .bss                main.o
    0x200045b4   0x00000064   Zero   RW          300    .bss                sdcard.o
    0x20004618   0x0000000a   Zero   RW          521    .bss                pdt_scan.o
    0x20004622   0x0000003c   Zero   RW          546    .bss                rmi_func11.o
    0x2000465e   0x00000230   Zero   RW          568    .bss                rmi_func54.o
    0x2000488e   0x0000000a   Zero   RW          638    .bss                rtc.o
    0x20004898   0x00000060   Zero   RW          825    .bss                c_w.l(libspace.o)(c_w.l)
    0x200048f8   0x00000400   Zero   RW           84    HEAP                startup_stm32f10x_hd.o
    0x20004cf8   0x00000400   Zero   RW           83    STACK               startup_stm32f10x_hd.o


==============================================================================

Image component sizes


      Code (inc. data)   RO Data    RW Data    ZI Data      Debug   Object Name

      1044         26          0          0          0          0   24lc02.o
         0          0          0          0          0          0   core_cm3.o
        72          4          0          0          0          0   hz16.o
      1712         96          0          0          0          0   iic.o
      2996         84       2352         10          0          0   lcd_drive.o
      3708       1290          0         78      12316          0   main.o
       248         30          0          0          0          0   misc.o
     13028       4972       4308        233         10          0   pdt_scan.o
      1624        482        143         27         60          0   rmi_func11.o
      1304        584          0         40          0          0   rmi_func1a.o
      3208       1572      47205        548          0          0   rmi_func34.o
      2496        754        156       4516        560          0   rmi_func54.o
      1542        332         24          2         10          0   rtc.o
      8586        376          0         40        100          0   sdcard.o
        76         30        304          0       2048          0   startup_stm32f10x_hd.o
       196         32          0          0          0          0   stm32f10x_bkp.o
       576         20          0          0          0          0   stm32f10x_dma.o
       316         28          0          0          0          0   stm32f10x_exti.o
      1552         52          0          0          0          0   stm32f10x_fsmc.o
       824         40          0          0          0          0   stm32f10x_gpio.o
        26          0          0          0          0          0   stm32f10x_it.o
       200         16          0          0          0          0   stm32f10x_pwr.o
       932         52          0         20          0          0   stm32f10x_rcc.o
       376         32          0          0          0          0   stm32f10x_rtc.o
       472         52          0          0          0          0   stm32f10x_sdio.o
      2860         30          0          0          0          0   stm32f10x_tim.o
       936         20          0          0          0          0   stm32f10x_usart.o
       292         16          0          0          0          0   system_stm32f10x.o
       288         24          0          4          0          0   usart.o

    ----------------------------------------------------------------------
     51494      11046      54527       5528      15104          0   Object Totals
         0          0         32          0          0          0   (incl. Generated)
         4          0          3         10          0          2   (incl. Padding)

    ----------------------------------------------------------------------

      Code (inc. data)   RO Data    RW Data    ZI Data      Debug   Library Member Name

        90          0          0          0          0          0   __dczerorl2.o
         8          0          0          0          0          0   __main.o
       412          6         17          0          0          0   __printf_flags_ss_wp.o
        52          8          0          0          0          0   __scatter.o
        28          0          0          0          0          0   __scatter_zi.o
         6          0          0          0          0          0   _printf_c.o
        44          0          0          0          0          0   _printf_char.o
        48          6          0          0          0          0   _printf_char_common.o
        36          4          0          0          0          0   _printf_char_file.o
         6          0          0          0          0          0   _printf_d.o
       116         18          0          0          0          0   _printf_dec.o
        92          4         40          0          0          0   _printf_hex_int.o
       180          0          0          0          0          0   _printf_intcommon.o
        80          0          0          0          0          0   _printf_pad.o
         0          0          0          0          0          0   _printf_percent.o
         4          0          0          0          0          0   _printf_percent_end.o
         6          0          0          0          0          0   _printf_s.o
        82          0          0          0          0          0   _printf_str.o
         6          0          0          0          0          0   _printf_u.o
         6          0          0          0          0          0   _printf_x.o
        12          0          0          0          0          0   exit.o
         8          0          0          0          0          0   ferror.o
         6          0          0          0          0          0   heapauxi.o
         6          0          0          0          0          0   libinit.o
         2          0          0          0          0          0   libinit2.o
         2          0          0          0          0          0   libshutdown.o
         2          0          0          0          0          0   libshutdown2.o
         8          4          0          0         96          0   libspace.o
        24          4          0          0          0          0   noretval__2printf.o
        12          4          0          0          0          0   rt_fp_status_addr_intlibspace.o
         0          0          0          0          0          0   rtentry.o
        12          0          0          0          0          0   rtentry2.o
         6          0          0          0          0          0   rtentry4.o
         2          0          0          0          0          0   rtexit.o
        10          0          0          0          0          0   rtexit2.o
        16          0          0          0          0          0   rtudiv10.o
       128          0          0          0          0          0   strcmpv7m.o
        74          0          0          0          0          0   sys_stackheap_outer.o
         2          0          0          0          0          0   use_no_semi.o
         2          0          0          0          0          0   use_no_semi_2.o
       822         16          0          0          0          0   daddsub_clz.o
        24          0          0          0          0          0   dcmpi.o
       688        140          0          0          0          0   ddiv.o
        90          4          0          0          0          0   dfixu.o
        46          0          0          0          0          0   dflt_clz.o
       120          4          0          0          0          0   dleqf.o
       340         12          0          0          0          0   dmul.o
       156          4          0          0          0          0   dnaninf.o
        12          0          0          0          0          0   dretinf.o
       108          0          0          0          0          0   drleqf.o
        86          4          0          0          0          0   f2d.o
        48          0          0          0          0          0   fflt_clz.o
       140          4          0          0          0          0   fnaninf.o
        14          0          0          0          0          0   fpinit.o
         0          0          0          0          0          0   usenofp.o
       220         16          0          0          0          0   ceil.o

    ----------------------------------------------------------------------
      4560        262         59          0         96          0   Library Totals
        10          0          2          0          0          0   (incl. Padding)

    ----------------------------------------------------------------------

      Code (inc. data)   RO Data    RW Data    ZI Data      Debug   Library Name

      1636         58         57          0         96       1760   c_w.l
      2694        188          0          0          0       1536   fz_ws.l
       220         16          0          0          0         84   m_ws.l

    ----------------------------------------------------------------------
      4560        262         59          0         96          0   Library Totals

    ----------------------------------------------------------------------

==============================================================================


      Code (inc. data)   RO Data    RW Data    ZI Data      Debug   

     56054      11308      54586       5528      15200     494300   Grand Totals
     56054      11308      54586        412      15200     494300   ELF Image Totals (compressed)
     56054      11308      54586        412          0          0   ROM Totals

==============================================================================

    Total RO  Size (Code + RO Data)               110640 ( 108.05kB)
    Total RW  Size (RW Data + ZI Data)             20728 (  20.24kB)
    Total ROM Size (Code + RO Data + RW Data)     111052 ( 108.45kB)

==============================================================================

